 OpenH264

 Timestamp is 5fb59714 (Wed Nov 18 13:50:12 2020)

 Preferred load address is 0000000180000000

 Start         Length     Name                   Class
 0001:00000000 000606e0H .text$mn                CODE
 0001:000606e0 00000040H .text$mn$00             CODE
 0001:00060720 000001bdH .text$x                 CODE
 0002:00000000 00000328H .idata$5                DATA
 0002:00000328 00000028H .00cfg                  DATA
 0002:00000350 00000008H .CRT$XCA                DATA
 0002:00000358 00000008H .CRT$XCZ                DATA
 0002:00000360 00000008H .CRT$XIA                DATA
 0002:00000368 00000008H .CRT$XIZ                DATA
 0002:00000370 00000008H .CRT$XPA                DATA
 0002:00000378 00000008H .CRT$XPZ                DATA
 0002:00000380 00000008H .CRT$XTA                DATA
 0002:00000388 00000008H .CRT$XTZ                DATA
 0002:00000390 00000000H .gehcont$y              DATA
 0002:00000390 00000000H .gfids$y                DATA
 0002:00000390 0000e580H .rdata                  DATA
 0002:0000e910 000004e4H .rdata$r                DATA
 0002:0000edf4 0000034cH .rdata$zzzdbg           DATA
 0002:0000f140 00000008H .rtc$IAA                DATA
 0002:0000f148 00000100H .rtc$IMZ                DATA
 0002:0000f248 00000008H .rtc$IZZ                DATA
 0002:0000f250 00000008H .rtc$TAA                DATA
 0002:0000f258 00000100H .rtc$TMZ                DATA
 0002:0000f358 00000008H .rtc$TZZ                DATA
 0002:0000f360 00002a60H .xdata                  DATA
 0002:00011dc0 000000f0H .xdata$x                DATA
 0002:00011eb0 00000374H .edata                  DATA
 0002:00012224 00000050H .idata$2                DATA
 0002:00012274 00000014H .idata$3                DATA
 0002:00012288 00000328H .idata$4                DATA
 0002:000125b0 00000764H .idata$6                DATA
 0003:00000000 00000070H .data                   DATA
 0003:00000070 000001b0H .data$r                 DATA
 0003:00000220 00000634H .bss                    DATA
 0004:00000000 00001ddcH .pdata                  DATA
 0005:00000000 000002c1H .msvcjmc                DATA
 0006:00000000 00000060H .rsrc$01                DATA
 0006:00000060 00000180H .rsrc$02                DATA

  Address         Publics by Value              Rva+Base               Lib:Object

 0000:00000000       ___safe_se_handler_count   0000000000000000     <absolute>
 0000:00000000       __AbsoluteZero             0000000000000000     <absolute>
 0000:00000000       __arm64x_redirection_metadata 0000000000000000     <absolute>
 0000:00000000       __guard_eh_cont_count      0000000000000000     <absolute>
 0000:00000000       __x64_code_ranges_to_entry_points 0000000000000000     <absolute>
 0000:00000000       __dynamic_value_reloc_table 0000000000000000     <absolute>
 0000:00000000       __arm64x_redirection_metadata_count 0000000000000000     <absolute>
 0000:00000000       __hybrid_code_map_count    0000000000000000     <absolute>
 0000:00000000       __enclave_config           0000000000000000     <absolute>
 0000:00000000       __arm64x_native_entrypoint 0000000000000000     <absolute>
 0000:00000000       __volatile_metadata        0000000000000000     <absolute>
 0000:00000000       ___safe_se_handler_table   0000000000000000     <absolute>
 0000:00000000       __guard_longjmp_table      0000000000000000     <absolute>
 0000:00000000       __arm64x_extra_rfe_table_size 0000000000000000     <absolute>
 0000:00000000       __guard_eh_cont_table      0000000000000000     <absolute>
 0000:00000000       __guard_fids_table         0000000000000000     <absolute>
 0000:00000000       __guard_iat_count          0000000000000000     <absolute>
 0000:00000000       __hybrid_auxiliary_iat     0000000000000000     <absolute>
 0000:00000000       __guard_fids_count         0000000000000000     <absolute>
 0000:00000000       __hybrid_code_map          0000000000000000     <absolute>
 0000:00000000       __guard_iat_table          0000000000000000     <absolute>
 0000:00000000       __x64_code_ranges_to_entry_points_count 0000000000000000     <absolute>
 0000:00000000       __arm64x_extra_rfe_table   0000000000000000     <absolute>
 0000:00000000       __guard_longjmp_count      0000000000000000     <absolute>
 0000:00000100       __guard_flags              0000000000000100     <absolute>
 0000:00000000       __ImageBase                0000000180000000     <linker-defined>
 0001:00000000       __JustMyCode_Default       0000000180001000 f i common_tables.obj
 0001:00000010       ?WelsCopy16x16_c@@YAXPEAEH0H@Z 0000000180001010 f   copy_mb.obj
 0001:00000110       ?WelsCopy16x8_c@@YAXPEAEH0H@Z 0000000180001110 f   copy_mb.obj
 0001:00000210       ?WelsCopy4x4_c@@YAXPEAEH0H@Z 0000000180001210 f   copy_mb.obj
 0001:00000310       ?WelsCopy4x8_c@@YAXPEAEH0H@Z 0000000180001310 f   copy_mb.obj
 0001:000003d0       ?WelsCopy8x16_c@@YAXPEAEH0H@Z 00000001800013d0 f   copy_mb.obj
 0001:000004f0       ?WelsCopy8x4_c@@YAXPEAEH0H@Z 00000001800014f0 f   copy_mb.obj
 0001:00000590       ?WelsCopy8x8_c@@YAXPEAEH0H@Z 0000000180001590 f   copy_mb.obj
 0001:000006b0       WelsCPUFeatureDetect       00000001800016b0 f   cpu.obj
 0001:00000700       WelsFclose                 0000000180001700 f   crt_util_safe_x.obj
 0001:00000750       WelsFflush                 0000000180001750 f   crt_util_safe_x.obj
 0001:000007a0       WelsFopen                  00000001800017a0 f   crt_util_safe_x.obj
 0001:00000850       WelsFseek                  0000000180001850 f   crt_util_safe_x.obj
 0001:000008c0       WelsFwrite                 00000001800018c0 f   crt_util_safe_x.obj
 0001:00000940       WelsGetMillisecond         0000000180001940 f   crt_util_safe_x.obj
 0001:00000990       WelsGetTimeOfDay           0000000180001990 f   crt_util_safe_x.obj
 0001:000009e0       WelsSnprintf               00000001800019e0 f   crt_util_safe_x.obj
 0001:00000ac0       WelsStrcat                 0000000180001ac0 f   crt_util_safe_x.obj
 0001:00000b60       WelsStrftime               0000000180001b60 f   crt_util_safe_x.obj
 0001:00000c40       WelsStrncpy                0000000180001c40 f   crt_util_safe_x.obj
 0001:00000cc0       WelsVsnprintf              0000000180001cc0 f   crt_util_safe_x.obj
 0001:00000d60       __local_stdio_printf_options 0000000180001d60 f i crt_util_safe_x.obj
 0001:00000da0       _vsnprintf_s_l             0000000180001da0 f i crt_util_safe_x.obj
 0001:00000ec0       vsnprintf_s                0000000180001ec0 f i crt_util_safe_x.obj
 0001:00000f50       ?DeblockChromaEq42_c@@YAXPEAEHHHH@Z 0000000180001f50 f   deblocking_common.obj
 0001:000011b0       ?DeblockChromaEq4H2_c@@YAXPEAEHHH@Z 00000001800021b0 f   deblocking_common.obj
 0001:00001230       ?DeblockChromaEq4H_c@@YAXPEAE0HHH@Z 0000000180002230 f   deblocking_common.obj
 0001:000012c0       ?DeblockChromaEq4V2_c@@YAXPEAEHHH@Z 00000001800022c0 f   deblocking_common.obj
 0001:00001340       ?DeblockChromaEq4V_c@@YAXPEAE0HHH@Z 0000000180002340 f   deblocking_common.obj
 0001:000013d0       ?DeblockChromaEq4_c@@YAXPEAE0HHHH@Z 00000001800023d0 f   deblocking_common.obj
 0001:00001810       ?DeblockChromaLt42_c@@YAXPEAEHHHHPEAC@Z 0000000180002810 f   deblocking_common.obj
 0001:00001b40       ?DeblockChromaLt4H2_c@@YAXPEAEHHHPEAC@Z 0000000180002b40 f   deblocking_common.obj
 0001:00001bd0       ?DeblockChromaLt4H_c@@YAXPEAE0HHHPEAC@Z 0000000180002bd0 f   deblocking_common.obj
 0001:00001c60       ?DeblockChromaLt4V2_c@@YAXPEAEHHHPEAC@Z 0000000180002c60 f   deblocking_common.obj
 0001:00001cf0       ?DeblockChromaLt4V_c@@YAXPEAE0HHHPEAC@Z 0000000180002cf0 f   deblocking_common.obj
 0001:00001d80       ?DeblockChromaLt4_c@@YAXPEAE0HHHHPEAC@Z 0000000180002d80 f   deblocking_common.obj
 0001:00002340       ?DeblockLumaEq4H_c@@YAXPEAEHHH@Z 0000000180003340 f   deblocking_common.obj
 0001:000023c0       ?DeblockLumaEq4V_c@@YAXPEAEHHH@Z 00000001800033c0 f   deblocking_common.obj
 0001:00002440       ?DeblockLumaEq4_c@@YAXPEAEHHHH@Z 0000000180003440 f   deblocking_common.obj
 0001:00002980       ?DeblockLumaLt4H_c@@YAXPEAEHHHPEAC@Z 0000000180003980 f   deblocking_common.obj
 0001:00002a10       ?DeblockLumaLt4V_c@@YAXPEAEHHHPEAC@Z 0000000180003a10 f   deblocking_common.obj
 0001:00002aa0       ?DeblockLumaLt4_c@@YAXPEAEHHHHPEAC@Z 0000000180003aa0 f   deblocking_common.obj
 0001:00003140       ?WelsNonZeroCount_c@@YAXPEAC@Z 0000000180004140 f   deblocking_common.obj
 0001:00003720       ExpandReferencingPicture   0000000180004720 f   expand_pic.obj
 0001:00003930       InitExpandPictureFunc      0000000180004930 f   expand_pic.obj
 0001:000039c0       ?WelsI16x16LumaPredH_c@@YAXPEAE0H@Z 00000001800049c0 f   intra_pred_common.obj
 0001:00003af0       ?WelsI16x16LumaPredV_c@@YAXPEAE0H@Z 0000000180004af0 f   intra_pred_common.obj
 0001:00005050       ?InitMcFunc@WelsCommon@@YAXPEAUTagMcFunc@@I@Z 0000000180006050 f   mc.obj
 0001:00005320       ?McChroma_c@WelsCommon@@YAXPEBEHPEAEHFFHH@Z 0000000180006320 f   mc.obj
 0001:00005730       ?McLuma_c@WelsCommon@@YAXPEBEHPEAEHFFHH@Z 0000000180006730 f   mc.obj
 0001:00005990       ??0CMemoryAlign@WelsCommon@@QEAA@I@Z 0000000180006990 f   memory_align.obj
 0001:00005a30       ??1CMemoryAlign@WelsCommon@@UEAA@XZ 0000000180006a30 f   memory_align.obj
 0001:00005ab0       ??_GCMemoryAlign@WelsCommon@@UEAAPEAXI@Z 0000000180006ab0 f i memory_align.obj
 0001:00005ab0       ??_ECMemoryAlign@WelsCommon@@UEAAPEAXI@Z 0000000180006ab0 f i memory_align.obj
 0001:00005b20       ?WelsFree@CMemoryAlign@WelsCommon@@QEAAXPEAXPEBD@Z 0000000180006b20 f   memory_align.obj
 0001:00005bd0       ?WelsFree@WelsCommon@@YAXPEAXPEBD@Z 0000000180006bd0 f   memory_align.obj
 0001:00005c30       ?WelsGetCacheLineSize@CMemoryAlign@WelsCommon@@QEBA?BIXZ 0000000180006c30 f   memory_align.obj
 0001:00005c80       ?WelsGetMemoryUsage@CMemoryAlign@WelsCommon@@QEBA?BIXZ 0000000180006c80 f   memory_align.obj
 0001:00005cd0       ?WelsMalloc@CMemoryAlign@WelsCommon@@QEAAPEAXIPEBD@Z 0000000180006cd0 f   memory_align.obj
 0001:00005d80       ?WelsMalloc@WelsCommon@@YAPEAXIPEBDI@Z 0000000180006d80 f   memory_align.obj
 0001:00005e90       ?WelsMallocz@CMemoryAlign@WelsCommon@@QEAAPEAXIPEBD@Z 0000000180006e90 f   memory_align.obj
 0001:00005f20       ?WelsMallocz@WelsCommon@@YAPEAXIPEBD@Z 0000000180006f20 f   memory_align.obj
 0001:00005fb0       ?WelsSampleSad16x16_c@@YAHPEAEH0H@Z 0000000180006fb0 f   sad_common.obj
 0001:00006110       ?WelsSampleSad16x8_c@@YAHPEAEH0H@Z 0000000180007110 f   sad_common.obj
 0001:000061d0       ?WelsSampleSad4x4_c@@YAHPEAEH0H@Z 00000001800071d0 f   sad_common.obj
 0001:000064a0       ?WelsSampleSad4x8_c@@YAHPEAEH0H@Z 00000001800074a0 f   sad_common.obj
 0001:00006580       ?WelsSampleSad8x16_c@@YAHPEAEH0H@Z 0000000180007580 f   sad_common.obj
 0001:00006660       ?WelsSampleSad8x4_c@@YAHPEAEH0H@Z 0000000180007660 f   sad_common.obj
 0001:00006720       ?WelsSampleSad8x8_c@@YAHPEAEH0H@Z 0000000180007720 f   sad_common.obj
 0001:00006bf0       ?WelsSampleSadFour16x16_c@@YAXPEAEH0HPEAH@Z 0000000180007bf0 f   sad_common.obj
 0001:00006d20       ?WelsSampleSadFour16x8_c@@YAXPEAEH0HPEAH@Z 0000000180007d20 f   sad_common.obj
 0001:00006e50       ?WelsSampleSadFour4x4_c@@YAXPEAEH0HPEAH@Z 0000000180007e50 f   sad_common.obj
 0001:00006f80       ?WelsSampleSadFour4x8_c@@YAXPEAEH0HPEAH@Z 0000000180007f80 f   sad_common.obj
 0001:000070b0       ?WelsSampleSadFour8x16_c@@YAXPEAEH0HPEAH@Z 00000001800080b0 f   sad_common.obj
 0001:000071e0       ?WelsSampleSadFour8x4_c@@YAXPEAEH0HPEAH@Z 00000001800081e0 f   sad_common.obj
 0001:00007310       ?WelsSampleSadFour8x8_c@@YAXPEAEH0HPEAH@Z 0000000180008310 f   sad_common.obj
 0001:00007440       ?WelsCalcPsnr@@YAMPEBXH0HHH@Z 0000000180008440 f   utils.obj
 0001:000075e0       ?WelsLog@@YAXPEAUTagLogContext@@HPEBDZZ 00000001800085e0 f   utils.obj
 0001:000077a0       ??0welsCodecTrace@@QEAA@XZ 00000001800087a0 f   welsCodecTrace.obj
 0001:00007850       ??1welsCodecTrace@@QEAA@XZ 0000000180008850 f   welsCodecTrace.obj
 0001:000078a0       ?CodecTrace@welsCodecTrace@@AEAAXHPEBDPEAD@Z 00000001800088a0 f   welsCodecTrace.obj
 0001:00007990       ?SetCodecInstance@welsCodecTrace@@QEAAXPEAX@Z 0000000180008990 f   welsCodecTrace.obj
 0001:000079f0       ?SetTraceCallback@welsCodecTrace@@QEAAXP6AXPEAXHPEBD@Z@Z 00000001800089f0 f   welsCodecTrace.obj
 0001:00007a50       ?SetTraceCallbackContext@welsCodecTrace@@QEAAXPEAX@Z 0000000180008a50 f   welsCodecTrace.obj
 0001:00007ab0       ?SetTraceLevel@welsCodecTrace@@QEAAXH@Z 0000000180008ab0 f   welsCodecTrace.obj
 0001:00007b10       ?StaticCodecTrace@welsCodecTrace@@CAXPEAXHPEBDPEAD@Z 0000000180008b10 f   welsCodecTrace.obj
 0001:00007c00       _vfprintf_l                0000000180008c00 f i welsCodecTrace.obj
 0001:00007c80       fprintf                    0000000180008c80 f i welsCodecTrace.obj
 0001:00007d40       WelsEventClose             0000000180008d40 f   WelsThreadLib.obj
 0001:00007db0       WelsEventOpen              0000000180008db0 f   WelsThreadLib.obj
 0001:00007e30       WelsEventSignal            0000000180008e30 f   WelsThreadLib.obj
 0001:00007e90       WelsEventWait              0000000180008e90 f   WelsThreadLib.obj
 0001:00007ef0       WelsEventWaitWithTimeOut   0000000180008ef0 f   WelsThreadLib.obj
 0001:00007f50       WelsMultipleEventsWaitAllBlocking 0000000180008f50 f   WelsThreadLib.obj
 0001:00007fc0       WelsMultipleEventsWaitSingleBlocking 0000000180008fc0 f   WelsThreadLib.obj
 0001:00008030       WelsMutexDestroy           0000000180009030 f   WelsThreadLib.obj
 0001:00008080       WelsMutexInit              0000000180009080 f   WelsThreadLib.obj
 0001:000080d0       WelsMutexLock              00000001800090d0 f   WelsThreadLib.obj
 0001:00008120       WelsMutexUnlock            0000000180009120 f   WelsThreadLib.obj
 0001:00008170       WelsQueryLogicalProcessInfo 0000000180009170 f   WelsThreadLib.obj
 0001:00008200       WelsThreadCreate           0000000180009200 f   WelsThreadLib.obj
 0001:000082a0       WelsThreadJoin             00000001800092a0 f   WelsThreadLib.obj
 0001:00008310       WelsThreadSelf             0000000180009310 f   WelsThreadLib.obj
 0001:00008350       WelsThreadSetName          0000000180009350 f   WelsThreadLib.obj
 0001:00009280       ?CheckAccessUnitBoundary@WelsDec@@YA_NPEAUTagWelsDecoderContext@1@QEAUTagNalUnit@1@1QEAUTagSps@1@@Z 000000018000a280 f   au_parser.obj
 0001:00009550       ?CheckAccessUnitBoundaryExt@WelsDec@@YA_NPEAUTagNalUnitHeaderExt@WelsCommon@@0PEAUTagSliceHeaders@1@1@Z 000000018000a550 f   au_parser.obj
 0001:00009920       ?CheckNextAuNewSeq@WelsDec@@YA_NPEAUTagWelsDecoderContext@1@QEAUTagNalUnit@1@QEAUTagSps@1@@Z 000000018000a920 f   au_parser.obj
 0001:000099d0       ?CheckSpsActive@WelsDec@@YA_NPEAUTagWelsDecoderContext@1@PEAUTagSps@1@_N@Z 000000018000a9d0 f   au_parser.obj
 0001:00009c80       ?DecodeSpsSvcExt@WelsDec@@YAHPEAUTagWelsDecoderContext@1@PEAUTagSubsetSps@1@PEAUTagBitStringAux@WelsCommon@@@Z 000000018000ac80 f   au_parser.obj
 0001:0000a280       ?DetectStartCodePrefix@WelsDec@@YAPEAEPEBEPEAHH@Z 000000018000b280 f   au_parser.obj
 0001:0000a460       ?GetLevelLimits@WelsDec@@YAPEBUTagLevelLimits@WelsCommon@@H_N@Z 000000018000b460 f   au_parser.obj
 0001:0000a800       ?ParseNalHeader@WelsDec@@YAPEAEPEAUTagWelsDecoderContext@1@PEAUTagNalUnitHeader@WelsCommon@@PEAEH2HPEAH@Z 000000018000b800 f   au_parser.obj
 0001:0000baa0       ?ParseNonVclNal@WelsDec@@YAHPEAUTagWelsDecoderContext@1@PEAEH1H@Z 000000018000caa0 f   au_parser.obj
 0001:0000be50       ?ParsePps@WelsDec@@YAHPEAUTagWelsDecoderContext@1@PEAUTagPps@1@PEAUTagBitStringAux@WelsCommon@@PEAEH@Z 000000018000ce50 f   au_parser.obj
 0001:0000cc60       ?ParsePrefixNalUnit@WelsDec@@YAHPEAUTagWelsDecoderContext@1@PEAUTagBitStringAux@WelsCommon@@@Z 000000018000dc60 f   au_parser.obj
 0001:0000ce90       ?ParseRefBasePicMarking@WelsDec@@YAHPEAUTagBitStringAux@WelsCommon@@PEAUTagRefBasePicMarkingSyn@1@@Z 000000018000de90 f   au_parser.obj
 0001:0000d0a0       ?ParseScalingList@WelsDec@@YAHPEAUTagSps@1@PEAUTagBitStringAux@WelsCommon@@_NPEA_NPEAY0BA@EPEAY0EA@E@Z 000000018000e0a0 f   au_parser.obj
 0001:0000d680       ?ParseSei@WelsDec@@YAHPEAXPEAUTagBitStringAux@WelsCommon@@@Z 000000018000e680 f   au_parser.obj
 0001:0000d6d0       ?ParseSps@WelsDec@@YAHPEAUTagWelsDecoderContext@1@PEAUTagBitStringAux@WelsCommon@@PEAH2PEAEH@Z 000000018000e6d0 f   au_parser.obj
 0001:0000f720       ?ResetFmoList@WelsDec@@YAHPEAUTagWelsDecoderContext@1@@Z 0000000180010720 f   au_parser.obj
 0001:0000f7e0       ?SetScalingListValue@WelsDec@@YAHPEAEHPEA_NPEAUTagBitStringAux@WelsCommon@@@Z 00000001800107e0 f   au_parser.obj
 0001:0000fa00       ?DecInitBits@WelsDec@@YAHPEAUTagBitStringAux@WelsCommon@@PEBEH@Z 0000000180010a00 f   bit_stream.obj
 0001:0000fae0       ?GetValue4Bytes@WelsDec@@YAIPEAE@Z 0000000180010ae0 f i bit_stream.obj
 0001:0000fb90       ?InitReadBits@WelsDec@@YAHPEAUTagBitStringAux@WelsCommon@@_J@Z 0000000180010b90 f   bit_stream.obj
 0001:0000fc50       ?RBSP2EBSP@WelsDec@@YAXPEAE0H@Z 0000000180010c50 f   bit_stream.obj
 0001:0000fd50       ?DecodeBinCabac@WelsDec@@YAHPEAUSWelsCabacDecEngine@1@PEAUSWels_Cabac_Element@1@AEAI@Z 0000000180010d50 f   cabac_decoder.obj
 0001:00010050       ?DecodeBypassCabac@WelsDec@@YAHPEAUSWelsCabacDecEngine@1@AEAI@Z 0000000180011050 f   cabac_decoder.obj
 0001:00010200       ?DecodeExpBypassCabac@WelsDec@@YAHPEAUSWelsCabacDecEngine@1@HAEAI@Z 0000000180011200 f   cabac_decoder.obj
 0001:000103b0       ?DecodeTerminateCabac@WelsDec@@YAHPEAUSWelsCabacDecEngine@1@AEAI@Z 00000001800113b0 f   cabac_decoder.obj
 0001:000105b0       ?DecodeUEGLevelCabac@WelsDec@@YAIPEAUSWelsCabacDecEngine@1@PEAUSWels_Cabac_Element@1@AEAI@Z 00000001800115b0 f   cabac_decoder.obj
 0001:00010750       ?DecodeUEGMvCabac@WelsDec@@YAHPEAUSWelsCabacDecEngine@1@PEAUSWels_Cabac_Element@1@IAEAI@Z 0000000180011750 f   cabac_decoder.obj
 0001:00010920       ?DecodeUnaryBinCabac@WelsDec@@YAHPEAUSWelsCabacDecEngine@1@PEAUSWels_Cabac_Element@1@HAEAI@Z 0000000180011920 f   cabac_decoder.obj
 0001:00010a70       ?InitCabacDecEngineFromBS@WelsDec@@YAHPEAUSWelsCabacDecEngine@1@PEAUTagBitStringAux@WelsCommon@@@Z 0000000180011a70 f   cabac_decoder.obj
 0001:00010c20       ?Read32BitsCabac@WelsDec@@YAHPEAUSWelsCabacDecEngine@1@AEAIAEAH@Z 0000000180011c20 f   cabac_decoder.obj
 0001:00010ed0       ?RestoreCabacDecEngineToBS@WelsDec@@YAXPEAUSWelsCabacDecEngine@1@PEAUTagBitStringAux@WelsCommon@@@Z 0000000180011ed0 f   cabac_decoder.obj
 0001:00010fb0       ?WelsCabacContextInit@WelsDec@@YAXPEAUTagWelsDecoderContext@1@EHH@Z 0000000180011fb0 f   cabac_decoder.obj
 0001:000110a0       ?WelsCabacGlobalInit@WelsDec@@YAXPEAUTagWelsDecoderContext@1@@Z 00000001800120a0 f   cabac_decoder.obj
 0001:000112d0       ?DeblockingAvailableNoInterlayer@WelsDec@@YAHPEAUTagDqLayer@1@H@Z 00000001800122d0 f   deblocking.obj
 0001:00011480       ?DeblockingBSInsideMBAvsbase8x8@WelsDec@@YAXPEACQEAY133EH@Z 0000000180012480 f i deblocking.obj
 0001:000117e0       ?DeblockingBSInsideMBAvsbase@WelsDec@@YAXPEACQEAY133EH@Z 00000001800127e0 f i deblocking.obj
 0001:000194e0       ?DeblockingBsMarginalMBAvcbase@WelsDec@@YAIPEAUTagDqLayer@1@HHH@Z 000000018001a4e0 f   deblocking.obj
 0001:0001aa50       ?DeblockingInit@WelsDec@@YAXPEAUTagDeblockingFunc@1@H@Z 000000018001ba50 f   deblocking.obj
 0001:0001ab70       ?DeblockingInterMb@WelsDec@@YAXPEAUTagDqLayer@1@PEAUtagDeblockingFilter@1@QEAY133EH@Z 000000018001bb70 f   deblocking.obj
 0001:0001b5b0       ?DeblockingIntraMb@WelsDec@@YAXPEAUTagDqLayer@1@PEAUtagDeblockingFilter@1@H@Z 000000018001c5b0 f   deblocking.obj
 0001:0001b630       ?FilteringEdgeChromaH@WelsDec@@YAXPEAUtagDeblockingFilter@1@PEAE1H1@Z 000000018001c630 f   deblocking.obj
 0001:0001bad0       ?FilteringEdgeChromaHV@WelsDec@@YAXPEAUTagDqLayer@1@PEAUtagDeblockingFilter@1@H@Z 000000018001cad0 f   deblocking.obj
 0001:0001c590       ?FilteringEdgeChromaIntraH@WelsDec@@YAXPEAUtagDeblockingFilter@1@PEAE1H1@Z 000000018001d590 f   deblocking.obj
 0001:0001c7b0       ?FilteringEdgeChromaIntraV@WelsDec@@YAXPEAUtagDeblockingFilter@1@PEAE1H1@Z 000000018001d7b0 f   deblocking.obj
 0001:0001c9d0       ?FilteringEdgeChromaV@WelsDec@@YAXPEAUtagDeblockingFilter@1@PEAE1H1@Z 000000018001d9d0 f   deblocking.obj
 0001:0001ce70       ?FilteringEdgeLumaH@WelsDec@@YAXPEAUtagDeblockingFilter@1@PEAEH1@Z 000000018001de70 f   deblocking.obj
 0001:0001d0a0       ?FilteringEdgeLumaHV@WelsDec@@YAXPEAUTagDqLayer@1@PEAUtagDeblockingFilter@1@H@Z 000000018001e0a0 f   deblocking.obj
 0001:0001d6f0       ?FilteringEdgeLumaIntraH@WelsDec@@YAXPEAUtagDeblockingFilter@1@PEAEH1@Z 000000018001e6f0 f   deblocking.obj
 0001:0001d7d0       ?FilteringEdgeLumaIntraV@WelsDec@@YAXPEAUtagDeblockingFilter@1@PEAEH1@Z 000000018001e7d0 f   deblocking.obj
 0001:0001d8b0       ?FilteringEdgeLumaV@WelsDec@@YAXPEAUtagDeblockingFilter@1@PEAEH1@Z 000000018001e8b0 f   deblocking.obj
 0001:0001dae0       ?WelsDeblockingFilterSlice@WelsDec@@YAXPEAUTagWelsDecoderContext@1@P6AXPEAUTagDqLayer@1@PEAUtagDeblockingFilter@1@H@Z@Z 000000018001eae0 f   deblocking.obj
 0001:0001de50       ?WelsDeblockingMb@WelsDec@@YAXPEAUTagDqLayer@1@PEAUtagDeblockingFilter@1@H@Z 000000018001ee50 f   deblocking.obj
 0001:0001f3d0       ?WelsCloseDecoder@WelsDec@@YAXPEAUTagWelsDecoderContext@1@@Z 00000001800203d0 f   decoder.obj
 0001:0001f460       ?WelsDecoderDefaults@WelsDec@@YAXPEAUTagWelsDecoderContext@1@PEAUTagLogContext@@PEAVCMemoryAlign@WelsCommon@@@Z 0000000180020460 f   decoder.obj
 0001:0001f770       ?WelsOpenDecoder@WelsDec@@YAHPEAUTagWelsDecoderContext@1@@Z 0000000180020770 f   decoder.obj
 0001:0001f880       AssignFuncPointerForRec    0000000180020880 f   decoder.obj
 0001:0001fe40       DecoderConfigParam         0000000180020e40 f   decoder.obj
 0001:00020020       DecoderSetCsp              0000000180021020 f   decoder.obj
 0001:00020130       DestroyPicBuff             0000000180021130 f   decoder.obj
 0001:00020270       GetVclNalTemporalId        0000000180021270 f   decoder.obj
 0001:00020300       ResetDecStatNums           0000000180021300 f   decoder.obj
 0001:000203a0       SyncPictureResolutionExt   00000001800213a0 f   decoder.obj
 0001:000204e0       UpdateDecStat              00000001800214e0 f   decoder.obj
 0001:00020580       UpdateDecStatFreezingInfo  0000000180021580 f   decoder.obj
 0001:00020600       UpdateDecStatNoFreezingInfo 0000000180021600 f   decoder.obj
 0001:000207d0       WelsDecodeBs               00000001800217d0 f   decoder.obj
 0001:00021130       WelsEndDecoder             0000000180022130 f   decoder.obj
 0001:00021180       WelsFreeMem                0000000180022180 f   decoder.obj
 0001:000212c0       WelsInitDecoder            00000001800222c0 f   decoder.obj
 0001:00021360       WelsRequestMem             0000000180022360 f   decoder.obj
 0001:00022090       ?CheckAndFinishLastPic@WelsDec@@YA_NPEAUTagWelsDecoderContext@1@PEAPEAEPEAUTagBufferInfo@@@Z 0000000180023090 f   decoder_core.obj
 0001:00022550       ?CheckAvailNalUnitsListContinuity@WelsDec@@YAXPEAUTagWelsDecoderContext@1@HH@Z 0000000180023550 f   decoder_core.obj
 0001:00022730       ?CheckBsBuffer@WelsDec@@YAHPEAUTagWelsDecoderContext@1@H@Z 0000000180023730 f   decoder_core.obj
 0001:00022810       ?CheckIntegrityNalUnitsList@WelsDec@@YA_NPEAUTagWelsDecoderContext@1@@Z 0000000180023810 f   decoder_core.obj
 0001:00022ed0       ?CheckOnlyOneLayerInAu@WelsDec@@YAXPEAUTagWelsDecoderContext@1@@Z 0000000180023ed0 f   decoder_core.obj
 0001:00023050       ?CheckPocOfCurValidNalUnits@WelsDec@@YA_NPEAUTagAccessUnits@1@H@Z 0000000180024050 f   decoder_core.obj
 0001:00023110       ?CheckRefPicturesComplete@WelsDec@@YA_NPEAUTagWelsDecoderContext@1@@Z 0000000180024110 f   decoder_core.obj
 0001:00023700       ?CheckSliceNeedReconstruct@WelsDec@@YA_NEE@Z 0000000180024700 f i decoder_core.obj
 0001:00023780       ?ConstructAccessUnit@WelsDec@@YAHPEAUTagWelsDecoderContext@1@PEAPEAEPEAUTagBufferInfo@@@Z 0000000180024780 f   decoder_core.obj
 0001:00023a40       ?DecodeCurrentAccessUnit@WelsDec@@YAHPEAUTagWelsDecoderContext@1@PEAPEAEPEAUTagBufferInfo@@@Z 0000000180024a40 f   decoder_core.obj
 0001:00024a90       ?DecodeFinishUpdate@WelsDec@@YAXPEAUTagWelsDecoderContext@1@@Z 0000000180025a90 f   decoder_core.obj
 0001:00025910       ?DecodeNalHeaderExt@WelsDec@@YAXPEAUTagNalUnit@1@PEAE@Z 0000000180026910 f   decoder_core.obj
 0001:00025ae0       ?ExpandBsBuffer@WelsDec@@YAHPEAUTagWelsDecoderContext@1@H@Z 0000000180026ae0 f   decoder_core.obj
 0001:00025da0       ?FillDefaultSliceHeaderExt@WelsDec@@YA_NPEAUTagSliceHeaderExt@1@PEAUTagNalUnitHeaderExt@WelsCommon@@@Z 0000000180026da0 f   decoder_core.obj
 0001:00025f70       ?ForceClearCurrentNal@WelsDec@@YAXPEAUTagAccessUnits@1@@Z 0000000180026f70 f   decoder_core.obj
 0001:00025fe0       ?ForceResetCurrentAccessUnit@WelsDec@@YAXPEAUTagAccessUnits@1@@Z 0000000180026fe0 f   decoder_core.obj
 0001:00026130       ?ForceResetParaSetStatusAndAUList@WelsDec@@YAXPEAUTagWelsDecoderContext@1@@Z 0000000180027130 f   decoder_core.obj
 0001:000262e0       ?GetTargetDqId@WelsDec@@YAEEPEAUTagSVCDecodingParam@@@Z 00000001800272e0 f i decoder_core.obj
 0001:00026390       ?HandleReferenceLost@WelsDec@@YAXPEAUTagWelsDecoderContext@1@PEAUTagNalUnit@1@@Z 0000000180027390 f i decoder_core.obj
 0001:00026420       ?HandleReferenceLostL0@WelsDec@@YAXPEAUTagWelsDecoderContext@1@PEAUTagNalUnit@1@@Z 0000000180027420 f i decoder_core.obj
 0001:000264a0       ?InitBsBuffer@WelsDec@@YAHPEAUTagWelsDecoderContext@1@@Z 00000001800274a0 f   decoder_core.obj
 0001:00026730       ?InitCurDqLayerData@WelsDec@@YAXPEAUTagWelsDecoderContext@1@PEAUTagDqLayer@1@@Z 0000000180027730 f   decoder_core.obj
 0001:00026e20       ?InitRefPicList@WelsDec@@YAHPEAUTagWelsDecoderContext@1@EH@Z 0000000180027e20 f   decoder_core.obj
 0001:00026ec0       ?InitialDqLayersContext@WelsDec@@YAHPEAUTagWelsDecoderContext@1@HH@Z 0000000180027ec0 f   decoder_core.obj
 0001:00027930       ?ParseDecRefPicMarking@WelsDec@@YAHPEAUTagWelsDecoderContext@1@PEAUTagBitStringAux@WelsCommon@@PEAUTagSliceHeaders@1@PEAUTagSps@1@_N@Z 0000000180028930 f   decoder_core.obj
 0001:00027d20       ?ParsePredWeightedTable@WelsDec@@YAHPEAUTagBitStringAux@WelsCommon@@PEAUTagSliceHeaders@1@@Z 0000000180028d20 f   decoder_core.obj
 0001:00028290       ?ParseRefPicListReordering@WelsDec@@YAHPEAUTagBitStringAux@WelsCommon@@PEAUTagSliceHeaders@1@@Z 0000000180029290 f   decoder_core.obj
 0001:000285e0       ?ParseSliceHeaderSyntaxs@WelsDec@@YAHPEAUTagWelsDecoderContext@1@PEAUTagBitStringAux@WelsCommon@@_N@Z 00000001800295e0 f   decoder_core.obj
 0001:0002a660       ?PrefetchNalHeaderExtSyntax@WelsDec@@YA_NPEAUTagWelsDecoderContext@1@QEAUTagNalUnit@1@1@Z 000000018002b660 f   decoder_core.obj
 0001:0002a900       ?RefineIdxNoInterLayerPred@WelsDec@@YAXPEAUTagAccessUnits@1@PEAH@Z 000000018002b900 f   decoder_core.obj
 0001:0002ac40       ?ResetCurrentAccessUnit@WelsDec@@YAXPEAUTagWelsDecoderContext@1@@Z 000000018002bc40 f   decoder_core.obj
 0001:0002ad80       ?UninitialDqLayersContext@WelsDec@@YAXPEAUTagWelsDecoderContext@1@@Z 000000018002bd80 f   decoder_core.obj
 0001:0002b650       ?UpdateAccessUnit@WelsDec@@YAHPEAUTagWelsDecoderContext@1@@Z 000000018002c650 f   decoder_core.obj
 0001:0002b7f0       ?WelsDecodeAccessUnitEnd@WelsDec@@YAXPEAUTagWelsDecoderContext@1@@Z 000000018002c7f0 f   decoder_core.obj
 0001:0002b8b0       ?WelsDecodeAccessUnitStart@WelsDec@@YAHPEAUTagWelsDecoderContext@1@@Z 000000018002c8b0 f   decoder_core.obj
 0001:0002b990       ?WelsDecodeConstructSlice@WelsDec@@YAHPEAUTagWelsDecoderContext@1@PEAUTagNalUnit@1@@Z 000000018002c990 f i decoder_core.obj
 0001:0002ba00       ?WelsDqLayerDecodeStart@WelsDec@@YAXPEAUTagWelsDecoderContext@1@PEAUTagNalUnit@1@PEAUTagSps@1@PEAUTagPps@1@@Z 000000018002ca00 f   decoder_core.obj
 0001:0002baa0       ?WelsFreeMemory@WelsDec@@YAXPEAUTagWelsDecoderContext@1@@Z 000000018002caa0 f   decoder_core.obj
 0001:0002bcd0       ?WelsInitMemory@WelsDec@@YAHPEAUTagWelsDecoderContext@1@@Z 000000018002ccd0 f   decoder_core.obj
 0001:0002bf40       ?GetI4LumaIChromaAddrTable@WelsDec@@YAXPEAHHH@Z 000000018002cf40 f   decode_mb_aux.obj
 0001:0002c0a0       ?IdctResAddPred8x8_c@WelsDec@@YAXPEAEHPEAF@Z 000000018002d0a0 f   decode_mb_aux.obj
 0001:0002ccb0       ?IdctResAddPred_c@WelsDec@@YAXPEAEHPEAF@Z 000000018002dcb0 f   decode_mb_aux.obj
 0001:0002da60       ?ParseIntra16x16Mode@WelsDec@@YAHPEAUTagWelsDecoderContext@1@PEAUTagNeighborAvail@1@PEAUTagBitStringAux@WelsCommon@@PEAUTagDqLayer@1@@Z 000000018002ea60 f   decode_slice.obj
 0001:0002dc90       ?ParseIntra4x4Mode@WelsDec@@YAHPEAUTagWelsDecoderContext@1@PEAUTagNeighborAvail@1@PEACPEAUTagBitStringAux@WelsCommon@@PEAUTagDqLayer@1@@Z 000000018002ec90 f   decode_slice.obj
 0001:0002e260       ?ParseIntra8x8Mode@WelsDec@@YAHPEAUTagWelsDecoderContext@1@PEAUTagNeighborAvail@1@PEACPEAUTagBitStringAux@WelsCommon@@PEAUTagDqLayer@1@@Z 000000018002f260 f   decode_slice.obj
 0001:0002e8a0       ?WelsActualDecodeMbCavlcISlice@WelsDec@@YAHPEAUTagWelsDecoderContext@1@@Z 000000018002f8a0 f   decode_slice.obj
 0001:00030250       ?WelsActualDecodeMbCavlcPSlice@WelsDec@@YAHPEAUTagWelsDecoderContext@1@@Z 0000000180031250 f   decode_slice.obj
 0001:000320c0       ?WelsBlockFuncInit@WelsDec@@YAXPEAUTagBlockFunc@1@H@Z 00000001800330c0 f   decode_slice.obj
 0001:00032140       ?WelsBlockInit@WelsDec@@YAXPEAFHHHE@Z 0000000180033140 f   decode_slice.obj
 0001:000321f0       ?WelsBlockZero16x16_c@WelsDec@@YAXPEAFH@Z 00000001800331f0 f   decode_slice.obj
 0001:00032260       ?WelsBlockZero8x8_c@WelsDec@@YAXPEAFH@Z 0000000180033260 f   decode_slice.obj
 0001:000322d0       ?WelsCalcDeqCoeffScalingList@WelsDec@@YAHPEAUTagWelsDecoderContext@1@@Z 00000001800332d0 f   decode_slice.obj
 0001:000328e0       ?WelsChromaDcIdct@WelsDec@@YAXPEAF@Z 00000001800338e0 f   decode_slice.obj
 0001:00032a70       ?WelsDecodeMbCabacISlice@WelsDec@@YAHPEAUTagWelsDecoderContext@1@PEAUTagNalUnit@1@AEAI@Z 0000000180033a70 f   decode_slice.obj
 0001:00032af0       ?WelsDecodeMbCabacISliceBaseMode0@WelsDec@@YAHPEAUTagWelsDecoderContext@1@AEAI@Z 0000000180033af0 f   decode_slice.obj
 0001:00034520       ?WelsDecodeMbCabacPSlice@WelsDec@@YAHPEAUTagWelsDecoderContext@1@PEAUTagNalUnit@1@AEAI@Z 0000000180035520 f   decode_slice.obj
 0001:00034ae0       ?WelsDecodeMbCabacPSliceBaseMode0@WelsDec@@YAHPEAUTagWelsDecoderContext@1@PEAUTagNeighborAvail@1@AEAI@Z 0000000180035ae0 f   decode_slice.obj
 0001:000366c0       ?WelsDecodeMbCavlcISlice@WelsDec@@YAHPEAUTagWelsDecoderContext@1@PEAUTagNalUnit@1@AEAI@Z 00000001800376c0 f   decode_slice.obj
 0001:000368d0       ?WelsDecodeMbCavlcPSlice@WelsDec@@YAHPEAUTagWelsDecoderContext@1@PEAUTagNalUnit@1@AEAI@Z 00000001800378d0 f   decode_slice.obj
 0001:00036f60       ?WelsDecodeSlice@WelsDec@@YAHPEAUTagWelsDecoderContext@1@_NPEAUTagNalUnit@1@@Z 0000000180037f60 f   decode_slice.obj
 0001:000374a0       ?WelsLumaDcDequantIdct@WelsDec@@YAXPEAFHPEAUTagWelsDecoderContext@1@@Z 00000001800384a0 f   decode_slice.obj
 0001:00037900       ?WelsMap16x16NeighToSampleConstrain1@WelsDec@@YAXPEAUTagNeighborAvail@1@PEAE@Z 0000000180038900 f   decode_slice.obj
 0001:000379e0       ?WelsMap16x16NeighToSampleNormal@WelsDec@@YAXPEAUTagNeighborAvail@1@PEAE@Z 00000001800389e0 f   decode_slice.obj
 0001:00037a90       ?WelsMapNxNNeighToSampleConstrain1@WelsDec@@YAXPEAUTagNeighborAvail@1@PEAH@Z 0000000180038a90 f   decode_slice.obj
 0001:00037c40       ?WelsMapNxNNeighToSampleNormal@WelsDec@@YAXPEAUTagNeighborAvail@1@PEAH@Z 0000000180038c40 f   decode_slice.obj
 0001:00037da0       ?WelsMbInterConstruction@WelsDec@@YAHPEAUTagWelsDecoderContext@1@PEAUTagDqLayer@1@@Z 0000000180038da0 f   decode_slice.obj
 0001:00037f80       ?WelsMbInterPrediction@WelsDec@@YAHPEAUTagWelsDecoderContext@1@PEAUTagDqLayer@1@@Z 0000000180038f80 f   decode_slice.obj
 0001:000380f0       ?WelsMbInterSampleConstruction@WelsDec@@YAHPEAUTagWelsDecoderContext@1@PEAUTagDqLayer@1@PEAE22HH@Z 00000001800390f0 f   decode_slice.obj
 0001:00038640       ?WelsMbIntraPredictionConstruction@WelsDec@@YAHPEAUTagWelsDecoderContext@1@PEAUTagDqLayer@1@_N@Z 0000000180039640 f   decode_slice.obj
 0001:000387f0       ?WelsTargetMbConstruction@WelsDec@@YAHPEAUTagWelsDecoderContext@1@@Z 00000001800397f0 f   decode_slice.obj
 0001:00038950       ?WelsTargetSliceConstruction@WelsDec@@YAHPEAUTagWelsDecoderContext@1@@Z 0000000180039950 f   decode_slice.obj
 0001:00038de0       ?DoErrorConFrameCopy@WelsDec@@YAXPEAUTagWelsDecoderContext@1@@Z 0000000180039de0 f   error_concealment.obj
 0001:00039080       ?DoErrorConSliceCopy@WelsDec@@YAXPEAUTagWelsDecoderContext@1@@Z 000000018003a080 f   error_concealment.obj
 0001:00039710       ?DoErrorConSliceMVCopy@WelsDec@@YAXPEAUTagWelsDecoderContext@1@@Z 000000018003a710 f   error_concealment.obj
 0001:00039c00       ?DoMbECMvCopy@WelsDec@@YAXPEAUTagWelsDecoderContext@1@PEAUTagPicture@1@1HHHPEAUTagMCRefMember@1@@Z 000000018003ac00 f   error_concealment.obj
 0001:0003a440       ?GetAvilInfoFromCorrectMb@WelsDec@@YAXPEAUTagWelsDecoderContext@1@@Z 000000018003b440 f   error_concealment.obj
 0001:0003b910       ?ImplementErrorCon@WelsDec@@YAXPEAUTagWelsDecoderContext@1@@Z 000000018003c910 f   error_concealment.obj
 0001:0003ba60       ?InitErrorCon@WelsDec@@YAXPEAUTagWelsDecoderContext@1@@Z 000000018003ca60 f   error_concealment.obj
 0001:0003bb50       ?MarkECFrameAsRef@WelsDec@@YAHPEAUTagWelsDecoderContext@1@@Z 000000018003cb50 f   error_concealment.obj
 0001:0003bc50       ?NeedErrorCon@WelsDec@@YA_NPEAUTagWelsDecoderContext@1@@Z 000000018003cc50 f   error_concealment.obj
 0001:0003c1c0       ?FmoMbToSliceGroup@WelsDec@@YAHPEAUTagFmo@1@F@Z 000000018003d1c0 f   fmo.obj
 0001:0003c260       ?FmoNextMb@WelsDec@@YAFPEAUTagFmo@1@F@Z 000000018003d260 f   fmo.obj
 0001:0003c340       ?FmoParamSetsChanged@WelsDec@@YA_NPEAUTagFmo@1@HHH@Z 000000018003d340 f   fmo.obj
 0001:0003c400       ?FmoParamUpdate@WelsDec@@YA_NPEAUTagFmo@1@PEAUTagSps@1@PEAUTagPps@1@PEAHPEAVCMemoryAlign@WelsCommon@@@Z 000000018003d400 f   fmo.obj
 0001:0003c510       ?InitFmo@WelsDec@@YAHPEAUTagFmo@1@PEAUTagPps@1@HHPEAVCMemoryAlign@WelsCommon@@@Z 000000018003d510 f   fmo.obj
 0001:0003c590       ?UninitFmoList@WelsDec@@YAXPEAUTagFmo@1@HHPEAVCMemoryAlign@WelsCommon@@@Z 000000018003d590 f   fmo.obj
 0001:0003c750       ?WelsI16x16LumaPredDcLeft_c@WelsDec@@YAXPEAEH@Z 000000018003d750 f   get_intra_predictor.obj
 0001:0003c8f0       ?WelsI16x16LumaPredDcNA_c@WelsDec@@YAXPEAEH@Z 000000018003d8f0 f   get_intra_predictor.obj
 0001:0003c9e0       ?WelsI16x16LumaPredDcTop_c@WelsDec@@YAXPEAEH@Z 000000018003d9e0 f   get_intra_predictor.obj
 0001:0003cb30       ?WelsI16x16LumaPredDc_c@WelsDec@@YAXPEAEH@Z 000000018003db30 f   get_intra_predictor.obj
 0001:0003ccb0       ?WelsI16x16LumaPredH_c@WelsDec@@YAXPEAEH@Z 000000018003dcb0 f   get_intra_predictor.obj
 0001:0003cdb0       ?WelsI16x16LumaPredPlane_c@WelsDec@@YAXPEAEH@Z 000000018003ddb0 f   get_intra_predictor.obj
 0001:0003d040       ?WelsI16x16LumaPredV_c@WelsDec@@YAXPEAEH@Z 000000018003e040 f   get_intra_predictor.obj
 0001:0003d150       ?WelsI4x4LumaPredDDLTop_c@WelsDec@@YAXPEAEH@Z 000000018003e150 f   get_intra_predictor.obj
 0001:0003d3a0       ?WelsI4x4LumaPredDDL_c@WelsDec@@YAXPEAEH@Z 000000018003e3a0 f   get_intra_predictor.obj
 0001:0003d670       ?WelsI4x4LumaPredDDR_c@WelsDec@@YAXPEAEH@Z 000000018003e670 f   get_intra_predictor.obj
 0001:0003d9f0       ?WelsI4x4LumaPredDcLeft_c@WelsDec@@YAXPEAEH@Z 000000018003e9f0 f   get_intra_predictor.obj
 0001:0003db00       ?WelsI4x4LumaPredDcNA_c@WelsDec@@YAXPEAEH@Z 000000018003eb00 f   get_intra_predictor.obj
 0001:0003dbb0       ?WelsI4x4LumaPredDcTop_c@WelsDec@@YAXPEAEH@Z 000000018003ebb0 f   get_intra_predictor.obj
 0001:0003dcd0       ?WelsI4x4LumaPredDc_c@WelsDec@@YAXPEAEH@Z 000000018003ecd0 f   get_intra_predictor.obj
 0001:0003de50       ?WelsI4x4LumaPredHD_c@WelsDec@@YAXPEAEH@Z 000000018003ee50 f   get_intra_predictor.obj
 0001:0003e200       ?WelsI4x4LumaPredHU_c@WelsDec@@YAXPEAEH@Z 000000018003f200 f   get_intra_predictor.obj
 0001:0003e480       ?WelsI4x4LumaPredH_c@WelsDec@@YAXPEAEH@Z 000000018003f480 f   get_intra_predictor.obj
 0001:0003e5a0       ?WelsI4x4LumaPredVLTop_c@WelsDec@@YAXPEAEH@Z 000000018003f5a0 f   get_intra_predictor.obj
 0001:0003e840       ?WelsI4x4LumaPredVL_c@WelsDec@@YAXPEAEH@Z 000000018003f840 f   get_intra_predictor.obj
 0001:0003eb80       ?WelsI4x4LumaPredVR_c@WelsDec@@YAXPEAEH@Z 000000018003fb80 f   get_intra_predictor.obj
 0001:0003eef0       ?WelsI4x4LumaPredV_c@WelsDec@@YAXPEAEH@Z 000000018003fef0 f   get_intra_predictor.obj
 0001:0003efb0       ?WelsI8x8LumaPredDDLTop_c@WelsDec@@YAXPEAEH_N1@Z 000000018003ffb0 f   get_intra_predictor.obj
 0001:0003f310       ?WelsI8x8LumaPredDDL_c@WelsDec@@YAXPEAEH_N1@Z 0000000180040310 f   get_intra_predictor.obj
 0001:0003f630       ?WelsI8x8LumaPredDDR_c@WelsDec@@YAXPEAEH_N1@Z 0000000180040630 f   get_intra_predictor.obj
 0001:0003fcc0       ?WelsI8x8LumaPredDcLeft_c@WelsDec@@YAXPEAEH_N1@Z 0000000180040cc0 f   get_intra_predictor.obj
 0001:0003ffd0       ?WelsI8x8LumaPredDcNA_c@WelsDec@@YAXPEAEH_N1@Z 0000000180040fd0 f   get_intra_predictor.obj
 0001:000400c0       ?WelsI8x8LumaPredDcTop_c@WelsDec@@YAXPEAEH_N1@Z 00000001800410c0 f   get_intra_predictor.obj
 0001:00040430       ?WelsI8x8LumaPredDc_c@WelsDec@@YAXPEAEH_N1@Z 0000000180041430 f   get_intra_predictor.obj
 0001:00040940       ?WelsI8x8LumaPredHD_c@WelsDec@@YAXPEAEH_N1@Z 0000000180041940 f   get_intra_predictor.obj
 0001:00041030       ?WelsI8x8LumaPredHU_c@WelsDec@@YAXPEAEH_N1@Z 0000000180042030 f   get_intra_predictor.obj
 0001:00041400       ?WelsI8x8LumaPredH_c@WelsDec@@YAXPEAEH_N1@Z 0000000180042400 f   get_intra_predictor.obj
 0001:000416b0       ?WelsI8x8LumaPredVLTop_c@WelsDec@@YAXPEAEH_N1@Z 00000001800426b0 f   get_intra_predictor.obj
 0001:00041a40       ?WelsI8x8LumaPredVL_c@WelsDec@@YAXPEAEH_N1@Z 0000000180042a40 f   get_intra_predictor.obj
 0001:00041da0       ?WelsI8x8LumaPredVR_c@WelsDec@@YAXPEAEH_N1@Z 0000000180042da0 f   get_intra_predictor.obj
 0001:00042490       ?WelsI8x8LumaPredV_c@WelsDec@@YAXPEAEH_N1@Z 0000000180043490 f   get_intra_predictor.obj
 0001:000427e0       ?WelsIChromaPredDcLeft_c@WelsDec@@YAXPEAEH@Z 00000001800437e0 f   get_intra_predictor.obj
 0001:00042a40       ?WelsIChromaPredDcNA_c@WelsDec@@YAXPEAEH@Z 0000000180043a40 f   get_intra_predictor.obj
 0001:00042b10       ?WelsIChromaPredDcTop_c@WelsDec@@YAXPEAEH@Z 0000000180043b10 f   get_intra_predictor.obj
 0001:00042d20       ?WelsIChromaPredDc_c@WelsDec@@YAXPEAEH@Z 0000000180043d20 f   get_intra_predictor.obj
 0001:00043170       ?WelsIChromaPredH_c@WelsDec@@YAXPEAEH@Z 0000000180044170 f   get_intra_predictor.obj
 0001:00043260       ?WelsIChromaPredPlane_c@WelsDec@@YAXPEAEH@Z 0000000180044260 f   get_intra_predictor.obj
 0001:000434f0       ?WelsIChromaPredV_c@WelsDec@@YAXPEAEH@Z 00000001800444f0 f   get_intra_predictor.obj
 0001:00043a50       ?GetLTRFrameIndex@WelsDec@@YAHPEAUTagRefPic@1@H@Z 0000000180044a50 f   manage_dec_ref.obj
 0001:00044a60       ?WelsInitRefList@WelsDec@@YAHPEAUTagWelsDecoderContext@1@H@Z 0000000180045a60 f   manage_dec_ref.obj
 0001:000450e0       ?WelsMarkAsRef@WelsDec@@YAHPEAUTagWelsDecoderContext@1@@Z 00000001800460e0 f   manage_dec_ref.obj
 0001:000454b0       ?WelsReorderRefList@WelsDec@@YAHPEAUTagWelsDecoderContext@1@@Z 00000001800464b0 f   manage_dec_ref.obj
 0001:00045ad0       ?WelsResetRefPic@WelsDec@@YAXPEAUTagWelsDecoderContext@1@@Z 0000000180046ad0 f   manage_dec_ref.obj
 0001:00045c90       ?ExpandNalUnitList@WelsDec@@YAHPEAPEAUTagAccessUnits@1@HHPEAVCMemoryAlign@WelsCommon@@@Z 0000000180046c90 f   memmgr_nal_unit.obj
 0001:00045e50       ?MemFreeNalList@WelsDec@@YAHPEAPEAUTagAccessUnits@1@PEAVCMemoryAlign@WelsCommon@@@Z 0000000180046e50 f   memmgr_nal_unit.obj
 0001:00045ee0       ?MemGetNextNal@WelsDec@@YAPEAUTagNalUnit@1@PEAPEAUTagAccessUnits@1@PEAVCMemoryAlign@WelsCommon@@@Z 0000000180046ee0 f   memmgr_nal_unit.obj
 0001:00045fd0       ?MemInitNalList@WelsDec@@YAHPEAPEAUTagAccessUnits@1@IPEAVCMemoryAlign@WelsCommon@@@Z 0000000180046fd0 f   memmgr_nal_unit.obj
 0001:000461c0       ?PredInter16x8Mv@WelsDec@@YAXQEAY1BO@1FQEAY0BO@CHCQEAF@Z 00000001800471c0 f   mv_pred.obj
 0001:00046330       ?PredInter8x16Mv@WelsDec@@YAXQEAY1BO@1FQEAY0BO@CHCQEAF@Z 0000000180047330 f   mv_pred.obj
 0001:000464e0       ?PredMv@WelsDec@@YAXQEAY1BO@1FQEAY0BO@CHHCQEAF@Z 00000001800474e0 f   mv_pred.obj
 0001:000468e0       ?PredPSkipMvFromNeighbor@WelsDec@@YAXPEAUTagDqLayer@1@QEAF@Z 00000001800478e0 f   mv_pred.obj
 0001:00047350       ?UpdateP16x16MotionInfo@WelsDec@@YAXPEAUTagDqLayer@1@CQEAF@Z 0000000180048350 f   mv_pred.obj
 0001:00047540       ?UpdateP16x8MotionInfo@WelsDec@@YAXPEAUTagDqLayer@1@QEAY1BO@1FQEAY0BO@CHCQEAF@Z 0000000180048540 f   mv_pred.obj
 0001:00047850       ?UpdateP8x16MotionInfo@WelsDec@@YAXPEAUTagDqLayer@1@QEAY1BO@1FQEAY0BO@CHCQEAF@Z 0000000180048850 f   mv_pred.obj
 0001:00047fb0       ?ParseCbfInfoCabac@WelsDec@@YAHPEAUTagNeighborAvail@1@PEAEHHPEAUTagWelsDecoderContext@1@AEAI@Z 0000000180048fb0 f   parse_mb_syn_cabac.obj
 0001:00048410       ?ParseCbpInfoCabac@WelsDec@@YAHPEAUTagWelsDecoderContext@1@PEAUTagNeighborAvail@1@AEAI@Z 0000000180049410 f   parse_mb_syn_cabac.obj
 0001:00048be0       ?ParseDeltaQpCabac@WelsDec@@YAHPEAUTagWelsDecoderContext@1@AEAH@Z 0000000180049be0 f   parse_mb_syn_cabac.obj
 0001:00048da0       ?ParseEndOfSliceCabac@WelsDec@@YAHPEAUTagWelsDecoderContext@1@AEAI@Z 0000000180049da0 f   parse_mb_syn_cabac.obj
 0001:00048e30       ?ParseIPCMInfoCabac@WelsDec@@YAHPEAUTagWelsDecoderContext@1@@Z 0000000180049e30 f   parse_mb_syn_cabac.obj
 0001:00049260       ?ParseInterMotionInfoCabac@WelsDec@@YAHPEAUTagWelsDecoderContext@1@PEAUTagNeighborAvail@1@PEAEQEAY1BO@1F3QEAY0BO@C@Z 000000018004a260 f   parse_mb_syn_cabac.obj
 0001:0004ae70       ?ParseIntraPredModeChromaCabac@WelsDec@@YAHPEAUTagWelsDecoderContext@1@EAEAH@Z 000000018004be70 f   parse_mb_syn_cabac.obj
 0001:0004b200       ?ParseIntraPredModeLumaCabac@WelsDec@@YAHPEAUTagWelsDecoderContext@1@AEAH@Z 000000018004c200 f   parse_mb_syn_cabac.obj
 0001:0004b3f0       ?ParseMBTypeISliceCabac@WelsDec@@YAHPEAUTagWelsDecoderContext@1@PEAUTagNeighborAvail@1@AEAI@Z 000000018004c3f0 f   parse_mb_syn_cabac.obj
 0001:0004b7a0       ?ParseMBTypePSliceCabac@WelsDec@@YAHPEAUTagWelsDecoderContext@1@PEAUTagNeighborAvail@1@AEAI@Z 000000018004c7a0 f   parse_mb_syn_cabac.obj
 0001:0004bbb0       ?ParseMvdInfoCabac@WelsDec@@YAHPEAUTagWelsDecoderContext@1@PEAUTagNeighborAvail@1@QEAY0BO@CQEAY1BO@1FHCCAEAF@Z 000000018004cbb0 f   parse_mb_syn_cabac.obj
 0001:0004bfc0       ?ParseRefIdxCabac@WelsDec@@YAHPEAUTagWelsDecoderContext@1@PEAUTagNeighborAvail@1@PEAEQEAY0BO@CHHHHAEAC@Z 000000018004cfc0 f   parse_mb_syn_cabac.obj
 0001:0004c480       ?ParseResidualBlockCabac8x8@WelsDec@@YAHPEAUTagNeighborAvail@1@PEAEPEAUTagBitStringAux@WelsCommon@@HHPEBEHPEAFEPEAUTagWelsDecoderContext@1@@Z 000000018004d480 f   parse_mb_syn_cabac.obj
 0001:0004c850       ?ParseResidualBlockCabac@WelsDec@@YAHPEAUTagNeighborAvail@1@PEAEPEAUTagBitStringAux@WelsCommon@@HHPEBEHPEAFEPEAUTagWelsDecoderContext@1@@Z 000000018004d850 f   parse_mb_syn_cabac.obj
 0001:0004cd10       ?ParseSignificantCoeffCabac@WelsDec@@YAHPEAHHPEAUTagWelsDecoderContext@1@@Z 000000018004dd10 f   parse_mb_syn_cabac.obj
 0001:0004d080       ?ParseSignificantMapCabac@WelsDec@@YAHPEAHHPEAUTagWelsDecoderContext@1@AEAI@Z 000000018004e080 f   parse_mb_syn_cabac.obj
 0001:0004d3b0       ?ParseSkipFlagCabac@WelsDec@@YAHPEAUTagWelsDecoderContext@1@PEAUTagNeighborAvail@1@AEAI@Z 000000018004e3b0 f   parse_mb_syn_cabac.obj
 0001:0004d4d0       ?ParseSubMBTypeCabac@WelsDec@@YAHPEAUTagWelsDecoderContext@1@PEAUTagNeighborAvail@1@AEAI@Z 000000018004e4d0 f   parse_mb_syn_cabac.obj
 0001:0004d650       ?ParseTransformSize8x8FlagCabac@WelsDec@@YAHPEAUTagWelsDecoderContext@1@PEAUTagNeighborAvail@1@AEA_N@Z 000000018004e650 f   parse_mb_syn_cabac.obj
 0001:0004d850       ?UpdateP16x16MvdCabac@WelsDec@@YAXPEAUTagDqLayer@1@QEAFC@Z 000000018004e850 f   parse_mb_syn_cabac.obj
 0001:0004d950       ?UpdateP16x8MvdCabac@WelsDec@@YAXPEAUTagDqLayer@1@QEAY1BO@1FHQEAFC@Z 000000018004e950 f   parse_mb_syn_cabac.obj
 0001:0004db40       ?UpdateP16x8RefIdxCabac@WelsDec@@YAXPEAUTagDqLayer@1@QEAY0BO@CHCC@Z 000000018004eb40 f   parse_mb_syn_cabac.obj
 0001:0004dcc0       ?UpdateP8x16MvdCabac@WelsDec@@YAXPEAUTagDqLayer@1@QEAY1BO@1FHQEAFC@Z 000000018004ecc0 f   parse_mb_syn_cabac.obj
 0001:0004deb0       ?UpdateP8x16RefIdxCabac@WelsDec@@YAXPEAUTagDqLayer@1@QEAY0BO@CHCC@Z 000000018004eeb0 f   parse_mb_syn_cabac.obj
 0001:0004e060       ?UpdateP8x8RefIdxCabac@WelsDec@@YAXPEAUTagDqLayer@1@QEAY0BO@CHCC@Z 000000018004f060 f   parse_mb_syn_cabac.obj
 0001:0004e1b0       ?BsEndCavlc@WelsDec@@YAXPEAUTagBitStringAux@WelsCommon@@@Z 000000018004f1b0 f   parse_mb_syn_cavlc.obj
 0001:0004ebf0       ?BsStartCavlc@WelsDec@@YAXPEAUTagBitStringAux@WelsCommon@@@Z 000000018004fbf0 f   parse_mb_syn_cavlc.obj
 0001:0004fe20       ?CheckIntra16x16PredMode@WelsDec@@YAHEPEAC@Z 0000000180050e20 f   parse_mb_syn_cavlc.obj
 0001:0004ffc0       ?CheckIntraChromaPredMode@WelsDec@@YAHEPEAC@Z 0000000180050fc0 f   parse_mb_syn_cavlc.obj
 0001:00050130       ?CheckIntraNxNPredMode@WelsDec@@YAHPEAHPEACH_N@Z 0000000180051130 f   parse_mb_syn_cavlc.obj
 0001:000507f0       ?GetNeighborAvailMbType@WelsDec@@YAXPEAUTagNeighborAvail@1@PEAUTagDqLayer@1@@Z 00000001800517f0 f   parse_mb_syn_cavlc.obj
 0001:00050d70       ?ParseInterInfo@WelsDec@@YAHPEAUTagWelsDecoderContext@1@QEAY1BO@1FQEAY0BO@CPEAUTagBitStringAux@WelsCommon@@@Z 0000000180051d70 f   parse_mb_syn_cavlc.obj
 0001:000528a0       ?PredIntra4x4Mode@WelsDec@@YAHPEACH@Z 00000001800538a0 f   parse_mb_syn_cavlc.obj
 0001:00052980       ?WelsFillCacheConstrain0IntraNxN@WelsDec@@YAXPEAUTagNeighborAvail@1@PEAEPEACPEAUTagDqLayer@1@@Z 0000000180053980 f   parse_mb_syn_cavlc.obj
 0001:00052c60       ?WelsFillCacheConstrain1IntraNxN@WelsDec@@YAXPEAUTagNeighborAvail@1@PEAEPEACPEAUTagDqLayer@1@@Z 0000000180053c60 f   parse_mb_syn_cavlc.obj
 0001:00052f40       ?WelsFillCacheInter@WelsDec@@YAXPEAUTagNeighborAvail@1@PEAEQEAY1BO@1FQEAY0BO@CPEAUTagDqLayer@1@@Z 0000000180053f40 f   parse_mb_syn_cavlc.obj
 0001:00053ba0       ?WelsFillCacheInterCabac@WelsDec@@YAXPEAUTagNeighborAvail@1@PEAEQEAY1BO@1F2QEAY0BO@CPEAUTagDqLayer@1@@Z 0000000180054ba0 f   parse_mb_syn_cavlc.obj
 0001:00054c60       ?WelsFillCacheNonZeroCount@WelsDec@@YAXPEAUTagNeighborAvail@1@PEAEPEAUTagDqLayer@1@@Z 0000000180055c60 f   parse_mb_syn_cavlc.obj
 0001:000550f0       ?WelsResidualBlockCavlc8x8@WelsDec@@YAHPEAUTagVlcTable@1@PEAEPEAUTagBitStringAux@WelsCommon@@HHPEBEHPEAFHEPEAUTagWelsDecoderContext@1@@Z 00000001800560f0 f   parse_mb_syn_cavlc.obj
 0001:00055840       ?WelsResidualBlockCavlc@WelsDec@@YAHPEAUTagVlcTable@1@PEAEPEAUTagBitStringAux@WelsCommon@@HHPEBEHPEAFEPEAUTagWelsDecoderContext@1@@Z 0000000180056840 f   parse_mb_syn_cavlc.obj
 0001:00056050       ?AllocPicture@WelsDec@@YAPEAUTagPicture@1@PEAUTagWelsDecoderContext@1@HH@Z 0000000180057050 f   pic_queue.obj
 0001:00056470       ?FreePicture@WelsDec@@YAXPEAUTagPicture@1@PEAVCMemoryAlign@WelsCommon@@@Z 0000000180057470 f   pic_queue.obj
 0001:00056530       ?PrefetchPic@WelsDec@@YAPEAUTagPicture@1@PEAUTagPicBuff@1@@Z 0000000180057530 f   pic_queue.obj
 0001:000566d0       ?BaseMC@WelsDec@@YAXPEAUTagMCRefMember@1@HHPEAUTagMcFunc@@HHQEAF@Z 00000001800576d0 f   rec_mb.obj
 0001:000569e0       ?GetInterPred@WelsDec@@YAXPEAE00PEAUTagWelsDecoderContext@1@@Z 00000001800579e0 f   rec_mb.obj
 0001:00057ff0       ?RecChroma@WelsDec@@YAHHPEAUTagWelsDecoderContext@1@PEAFPEAUTagDqLayer@1@@Z 0000000180058ff0 f   rec_mb.obj
 0001:00058270       ?RecI16x16Mb@WelsDec@@YAHHPEAUTagWelsDecoderContext@1@PEAFPEAUTagDqLayer@1@@Z 0000000180059270 f   rec_mb.obj
 0001:00058550       ?RecI4x4Chroma@WelsDec@@YAHHPEAUTagWelsDecoderContext@1@PEAFPEAUTagDqLayer@1@@Z 0000000180059550 f   rec_mb.obj
 0001:00058680       ?RecI4x4Luma@WelsDec@@YAHHPEAUTagWelsDecoderContext@1@PEAFPEAUTagDqLayer@1@@Z 0000000180059680 f   rec_mb.obj
 0001:00058860       ?RecI4x4Mb@WelsDec@@YAHHPEAUTagWelsDecoderContext@1@PEAFPEAUTagDqLayer@1@@Z 0000000180059860 f   rec_mb.obj
 0001:000588f0       ?RecI8x8Luma@WelsDec@@YAHHPEAUTagWelsDecoderContext@1@PEAFPEAUTagDqLayer@1@@Z 00000001800598f0 f   rec_mb.obj
 0001:00058da0       ?RecI8x8Mb@WelsDec@@YAHHPEAUTagWelsDecoderContext@1@PEAFPEAUTagDqLayer@1@@Z 0000000180059da0 f   rec_mb.obj
 0001:00058e30       ?WeightPrediction@WelsDec@@YAXPEAUTagDqLayer@1@PEAUTagMCRefMember@1@HHH@Z 0000000180059e30 f   rec_mb.obj
 0001:00059330       ?WelsFillRecNeededMbInfo@WelsDec@@YAXPEAUTagWelsDecoderContext@1@_NPEAUTagDqLayer@1@@Z 000000018005a330 f   rec_mb.obj
 0001:000594d0       ??0CWelsDecoder@WelsDec@@QEAA@XZ 000000018005a4d0 f   welsDecoderExt.obj
 0001:00059620       ??0ISVCDecoder@@QEAA@XZ    000000018005a620 f i welsDecoderExt.obj
 0001:00059670       ??1CWelsDecoder@WelsDec@@UEAA@XZ 000000018005a670 f   welsDecoderExt.obj
 0001:00059770       ??1ISVCDecoder@@UEAA@XZ    000000018005a770 f i welsDecoderExt.obj
 0001:000597d0       ??_GCWelsDecoder@WelsDec@@UEAAPEAXI@Z 000000018005a7d0 f i welsDecoderExt.obj
 0001:000597d0       ??_ECWelsDecoder@WelsDec@@UEAAPEAXI@Z 000000018005a7d0 f i welsDecoderExt.obj
 0001:00059840       ??_GISVCDecoder@@UEAAPEAXI@Z 000000018005a840 f i welsDecoderExt.obj
 0001:00059840       ??_EISVCDecoder@@UEAAPEAXI@Z 000000018005a840 f i welsDecoderExt.obj
 0001:000598b0       ??_GwelsCodecTrace@@QEAAPEAXI@Z 000000018005a8b0 f i welsDecoderExt.obj
 0001:00059920       ?DecodeFrame2@CWelsDecoder@WelsDec@@UEAA?AW4DECODING_STATE@@PEBEHPEAPEAEPEAUTagBufferInfo@@@Z 000000018005a920 f   welsDecoderExt.obj
 0001:0005a2e0       ?DecodeFrame@CWelsDecoder@WelsDec@@UEAA?AW4DECODING_STATE@@PEBEHPEAPEAEPEAHAEAH3@Z 000000018005b2e0 f   welsDecoderExt.obj
 0001:0005a470       ?DecodeFrameEx@CWelsDecoder@WelsDec@@UEAA?AW4DECODING_STATE@@PEBEHPEAEHAEAH222@Z 000000018005b470 f   welsDecoderExt.obj
 0001:0005a4d0       ?DecodeFrameNoDelay@CWelsDecoder@WelsDec@@UEAA?AW4DECODING_STATE@@PEBEHPEAPEAEPEAUTagBufferInfo@@@Z 000000018005b4d0 f   welsDecoderExt.obj
 0001:0005a590       ?DecodeParser@CWelsDecoder@WelsDec@@UEAA?AW4DECODING_STATE@@PEBEHPEAUTagParserBsInfo@@@Z 000000018005b590 f   welsDecoderExt.obj
 0001:0005a800       ?GetOption@CWelsDecoder@WelsDec@@UEAAJW4DECODER_OPTION@@PEAX@Z 000000018005b800 f   welsDecoderExt.obj
 0001:0005ab40       ?InitDecoder@CWelsDecoder@WelsDec@@AEAAH_N@Z 000000018005bb40 f   welsDecoderExt.obj
 0001:0005acd0       ?Initialize@CWelsDecoder@WelsDec@@UEAAJPEBUTagSVCDecodingParam@@@Z 000000018005bcd0 f   welsDecoderExt.obj
 0001:0005adc0       ?ResetDecoder@CWelsDecoder@WelsDec@@AEAAHXZ 000000018005bdc0 f   welsDecoderExt.obj
 0001:0005af30       ?SetOption@CWelsDecoder@WelsDec@@UEAAJW4DECODER_OPTION@@PEAX@Z 000000018005bf30 f   welsDecoderExt.obj
 0001:0005b300       ?UninitDecoder@CWelsDecoder@WelsDec@@AEAAXXZ 000000018005c300 f   welsDecoderExt.obj
 0001:0005b480       ?Uninitialize@CWelsDecoder@WelsDec@@UEAAJXZ 000000018005c480 f   welsDecoderExt.obj
 0001:0005b4d0       ?__autoclassinit2@CWelsDecoder@WelsDec@@QEAAX_K@Z 000000018005c4d0 f i welsDecoderExt.obj
 0001:0005b520       ?__autoclassinit2@welsCodecTrace@@QEAAX_K@Z 000000018005c520 f i welsDecoderExt.obj
 0001:0005b570       WelsCreateDecoder          000000018005c570 f   welsDecoderExt.obj
 0001:0005b650       WelsDestroyDecoder         000000018005c650 f   welsDecoderExt.obj
 0001:0005b6e0       WelsGetDecoderCapability   000000018005c6e0 f   welsDecoderExt.obj
 0001:0005b890       ??0CAdaptiveQuantization@WelsVP@@QEAA@H@Z 000000018005c890 f   AdaptiveQuantization.obj
 0001:0005b970       ??0IStrategy@WelsVP@@QEAA@XZ 000000018005c970 f i AdaptiveQuantization.obj
 0001:0005ba10       ??0IWelsVP@@QEAA@XZ        000000018005ca10 f i AdaptiveQuantization.obj
 0001:0005ba60       ??1CAdaptiveQuantization@WelsVP@@UEAA@XZ 000000018005ca60 f   AdaptiveQuantization.obj
 0001:0005bac0       ??1IStrategy@WelsVP@@UEAA@XZ 000000018005cac0 f i AdaptiveQuantization.obj
 0001:0005bb20       ??1IWelsVP@@UEAA@XZ        000000018005cb20 f i AdaptiveQuantization.obj
 0001:0005bb80       ??_GCAdaptiveQuantization@WelsVP@@UEAAPEAXI@Z 000000018005cb80 f i AdaptiveQuantization.obj
 0001:0005bb80       ??_ECAdaptiveQuantization@WelsVP@@UEAAPEAXI@Z 000000018005cb80 f i AdaptiveQuantization.obj
 0001:0005bbf0       ??_EIStrategy@WelsVP@@UEAAPEAXI@Z 000000018005cbf0 f i AdaptiveQuantization.obj
 0001:0005bbf0       ??_GIStrategy@WelsVP@@UEAAPEAXI@Z 000000018005cbf0 f i AdaptiveQuantization.obj
 0001:0005bc60       ??_EIWelsVP@@UEAAPEAXI@Z   000000018005cc60 f i AdaptiveQuantization.obj
 0001:0005bc60       ??_GIWelsVP@@UEAAPEAXI@Z   000000018005cc60 f i AdaptiveQuantization.obj
 0001:0005bcd0       ?Flush@IStrategy@WelsVP@@UEAA?AW4EResult@@H@Z 000000018005ccd0 f i AdaptiveQuantization.obj
 0001:0005bd20       ?Get@CAdaptiveQuantization@WelsVP@@UEAA?AW4EResult@@HPEAX@Z 000000018005cd20 f   AdaptiveQuantization.obj
 0001:0005bda0       ?Get@IStrategy@WelsVP@@UEAA?AW4EResult@@HPEAX@Z 000000018005cda0 f i AdaptiveQuantization.obj
 0001:0005bdf0       ?Init@IStrategy@WelsVP@@UEAA?AW4EResult@@HPEAX@Z 000000018005cdf0 f i AdaptiveQuantization.obj
 0001:0005be40       ?Process@CAdaptiveQuantization@WelsVP@@UEAA?AW4EResult@@HPEAUSPixMap@@0@Z 000000018005ce40 f   AdaptiveQuantization.obj
 0001:0005ca50       ?SampleVariance16x16_c@WelsVP@@YAXPEAEH0HPEAUSMotionTextureUnit@@@Z 000000018005da50 f   AdaptiveQuantization.obj
 0001:0005cc90       ?Set@CAdaptiveQuantization@WelsVP@@UEAA?AW4EResult@@HPEAX@Z 000000018005dc90 f   AdaptiveQuantization.obj
 0001:0005cd10       ?Set@IStrategy@WelsVP@@UEAA?AW4EResult@@HPEAX@Z 000000018005dd10 f i AdaptiveQuantization.obj
 0001:0005cd60       ?SpecialFeature@IStrategy@WelsVP@@UEAA?AW4EResult@@HPEAX0@Z 000000018005dd60 f i AdaptiveQuantization.obj
 0001:0005cdb0       ?Uninit@IStrategy@WelsVP@@UEAA?AW4EResult@@H@Z 000000018005ddb0 f i AdaptiveQuantization.obj
 0001:0005ce00       ?WelsInitVarFunc@CAdaptiveQuantization@WelsVP@@AEAAXAEAP6AXPEAEH0HPEAUSMotionTextureUnit@@@ZH@Z 000000018005de00 f   AdaptiveQuantization.obj
 0001:0005ce60       ?WelsMemset@WelsVP@@YAPEAXPEAXHI@Z 000000018005de60 f i AdaptiveQuantization.obj
 0001:0005cec4       CloseHandle                000000018005dec4 f   kernel32:KERNEL32.dll
 0001:0005ceca       InitializeCriticalSection  000000018005deca f   kernel32:KERNEL32.dll
 0001:0005ced0       EnterCriticalSection       000000018005ded0 f   kernel32:KERNEL32.dll
 0001:0005ced6       LeaveCriticalSection       000000018005ded6 f   kernel32:KERNEL32.dll
 0001:0005cedc       DeleteCriticalSection      000000018005dedc f   kernel32:KERNEL32.dll
 0001:0005cee2       SetEvent                   000000018005dee2 f   kernel32:KERNEL32.dll
 0001:0005cee8       WaitForSingleObject        000000018005dee8 f   kernel32:KERNEL32.dll
 0001:0005ceee       CreateEventW               000000018005deee f   kernel32:KERNEL32.dll
 0001:0005cef4       WaitForMultipleObjects     000000018005def4 f   kernel32:KERNEL32.dll
 0001:0005cefa       CreateThread               000000018005defa f   kernel32:KERNEL32.dll
 0001:0005cf00       GetCurrentThread           000000018005df00 f   kernel32:KERNEL32.dll
 0001:0005cf06       GetSystemInfo              000000018005df06 f   kernel32:KERNEL32.dll
 0001:0005cf0c       QueryPerformanceCounter    000000018005df0c f   kernel32:KERNEL32.dll
 0001:0005cf12       QueryPerformanceFrequency  000000018005df12 f   kernel32:KERNEL32.dll
 0001:0005cf20       _CRT_RTC_INIT              000000018005df20 f   MSVCRTD:init.obj
 0001:0005cf30       _CRT_RTC_INITW             000000018005df30 f   MSVCRTD:init.obj
 0001:0005cf40       _RTC_InitBase              000000018005df40 f   MSVCRTD:init.obj
 0001:0005cf80       _RTC_Shutdown              000000018005df80 f   MSVCRTD:init.obj
 0001:0005cfb0       __CheckForDebuggerJustMyCode 000000018005dfb0 f   MSVCRTD:debugger_jmc.obj
 0001:0005cff0       _RTC_AllocaHelper          000000018005dff0 f   MSVCRTD:stack.obj
 0001:0005d030       _RTC_CheckStackVars        000000018005e030 f   MSVCRTD:stack.obj
 0001:0005d0c0       _RTC_CheckStackVars2       000000018005e0c0 f   MSVCRTD:stack.obj
 0001:0005d1d0       __GSHandlerCheck           000000018005e1d0 f   MSVCRTD:gshandler.obj
 0001:0005d210       __GSHandlerCheckCommon     000000018005e210 f   MSVCRTD:gshandler.obj
 0001:0005d320       __security_check_cookie    000000018005e320 f   MSVCRTD:amdsecgs.obj
 0001:0005d350       ??3@YAXPEAX_K@Z            000000018005e350 f   MSVCRTD:delete_scalar_size.obj
 0001:0005d370       ??1type_info@@UEAA@XZ      000000018005e370 f   MSVCRTD:std_type_info_static.obj
 0001:0005d390       ??_Etype_info@@UEAAPEAXI@Z 000000018005e390 f i MSVCRTD:std_type_info_static.obj
 0001:0005d390       ??_Gtype_info@@UEAAPEAXI@Z 000000018005e390 f i MSVCRTD:std_type_info_static.obj
 0001:0005d3e0       __chkstk                   000000018005e3e0 f   MSVCRTD:chkstk.obj
 0001:0005d3e0       _alloca_probe              000000018005e3e0 f   MSVCRTD:chkstk.obj
 0001:0005d4d0       ?_RTC_AllocaFailure@@YAXPEAXPEAU_RTC_ALLOCA_NODE@@H@Z 000000018005e4d0 f   MSVCRTD:error.obj
 0001:0005d630       ?_RTC_Failure@@YAXPEAXH@Z  000000018005e630 f   MSVCRTD:error.obj
 0001:0005d680       ?_RTC_StackFailure@@YAXPEAXPEBD@Z 000000018005e680 f   MSVCRTD:error.obj
 0001:0005dab0       _RTC_UninitUse             000000018005eab0 f   MSVCRTD:error.obj
 0001:0005db80       _vsprintf_s_l              000000018005eb80 f i MSVCRTD:error.obj
 0001:0005dbf0       sprintf_s                  000000018005ebf0 f i MSVCRTD:error.obj
 0001:0005dc20       __raise_securityfailure    000000018005ec20 f   MSVCRTD:gs_report.obj
 0001:0005dc60       __report_gsfailure         000000018005ec60 f   MSVCRTD:gs_report.obj
 0001:0005dd40       __report_rangecheckfailure 000000018005ed40 f   MSVCRTD:gs_report.obj
 0001:0005dd60       __report_securityfailure   000000018005ed60 f   MSVCRTD:gs_report.obj
 0001:0005de00       __report_securityfailureEx 000000018005ee00 f   MSVCRTD:gs_report.obj
 0001:0005e070       ??2@YAPEAX_K@Z             000000018005f070 f   MSVCRTD:new_scalar.obj
 0001:0005e4d0       _CRT_INIT                  000000018005f4d0 f   MSVCRTD:dll_dllmain.obj
 0001:0005e500       _DllMainCRTStartup         000000018005f500 f   MSVCRTD:dll_dllmain.obj
 0001:0005e540       ?_RTC_GetErrorFunc@@YAP6AHHPEBDH00ZZPEBX@Z 000000018005f540 f   MSVCRTD:userapi.obj
 0001:0005e550       ?_RTC_GetErrorFuncW@@YAP6AHHPEB_WH00ZZPEBX@Z 000000018005f550 f   MSVCRTD:userapi.obj
 0001:0005e560       _RTC_GetErrDesc            000000018005f560 f   MSVCRTD:userapi.obj
 0001:0005e580       _RTC_NumErrors             000000018005f580 f   MSVCRTD:userapi.obj
 0001:0005e590       _RTC_SetErrorFunc          000000018005f590 f   MSVCRTD:userapi.obj
 0001:0005e5b0       _RTC_SetErrorFuncW         000000018005f5b0 f   MSVCRTD:userapi.obj
 0001:0005e5d0       _RTC_SetErrorType          000000018005f5d0 f   MSVCRTD:userapi.obj
 0001:0005e5f0       ??3@YAXPEAX@Z              000000018005f5f0 f   MSVCRTD:delete_scalar.obj
 0001:0005eb20       ?_RTC_GetSrcLine@@YAHPEAEPEA_WKPEAH1K@Z 000000018005fb20 f   MSVCRTD:pdblkup.obj
 0001:0005eef0       _guard_check_icall_nop     000000018005fef0 f i MSVCRTD:guard_support.obj
 0001:0005ef00       ReadNoFence64              000000018005ff00 f i MSVCRTD:guard_support.obj
 0001:0005ef20       ReadPointerNoFence         000000018005ff20 f i MSVCRTD:guard_support.obj
 0001:0005ef40       _guard_icall_checks_enforced 000000018005ff40 f i MSVCRTD:guard_support.obj
 0001:0005ef80       _guard_rf_checks_enforced  000000018005ff80 f i MSVCRTD:guard_support.obj
 0001:0005ef90       ??0bad_alloc@std@@AEAA@QEBD@Z 000000018005ff90 f i MSVCRTD:throw_bad_alloc.obj
 0001:0005efd0       ??0bad_alloc@std@@QEAA@AEBV01@@Z 000000018005ffd0 f i MSVCRTD:throw_bad_alloc.obj
 0001:0005f010       ??0bad_alloc@std@@QEAA@XZ  0000000180060010 f i MSVCRTD:throw_bad_alloc.obj
 0001:0005f050       ??0bad_array_new_length@std@@QEAA@AEBV01@@Z 0000000180060050 f i MSVCRTD:throw_bad_alloc.obj
 0001:0005f090       ??0bad_array_new_length@std@@QEAA@XZ 0000000180060090 f i MSVCRTD:throw_bad_alloc.obj
 0001:0005f0d0       ??0exception@std@@QEAA@AEBV01@@Z 00000001800600d0 f i MSVCRTD:throw_bad_alloc.obj
 0001:0005f130       ??0exception@std@@QEAA@QEBDH@Z 0000000180060130 f i MSVCRTD:throw_bad_alloc.obj
 0001:0005f180       ??1bad_alloc@std@@UEAA@XZ  0000000180060180 f i MSVCRTD:throw_bad_alloc.obj
 0001:0005f1a0       ??1bad_array_new_length@std@@UEAA@XZ 00000001800601a0 f i MSVCRTD:throw_bad_alloc.obj
 0001:0005f1c0       ??1exception@std@@UEAA@XZ  00000001800601c0 f i MSVCRTD:throw_bad_alloc.obj
 0001:0005f1f0       ??_Gbad_alloc@std@@UEAAPEAXI@Z 00000001800601f0 f i MSVCRTD:throw_bad_alloc.obj
 0001:0005f1f0       ??_Ebad_alloc@std@@UEAAPEAXI@Z 00000001800601f0 f i MSVCRTD:throw_bad_alloc.obj
 0001:0005f230       ??_Gbad_array_new_length@std@@UEAAPEAXI@Z 0000000180060230 f i MSVCRTD:throw_bad_alloc.obj
 0001:0005f230       ??_Ebad_array_new_length@std@@UEAAPEAXI@Z 0000000180060230 f i MSVCRTD:throw_bad_alloc.obj
 0001:0005f270       ??_Gexception@std@@UEAAPEAXI@Z 0000000180060270 f i MSVCRTD:throw_bad_alloc.obj
 0001:0005f270       ??_Eexception@std@@UEAAPEAXI@Z 0000000180060270 f i MSVCRTD:throw_bad_alloc.obj
 0001:0005f2b0       ?__scrt_throw_std_bad_alloc@@YAXXZ 00000001800602b0 f   MSVCRTD:throw_bad_alloc.obj
 0001:0005f2e0       ?__scrt_throw_std_bad_array_new_length@@YAXXZ 00000001800602e0 f   MSVCRTD:throw_bad_alloc.obj
 0001:0005f310       ?what@exception@std@@UEBAPEBDXZ 0000000180060310 f i MSVCRTD:throw_bad_alloc.obj
 0001:0005f410       __security_init_cookie     0000000180060410 f   MSVCRTD:gs_support.obj
 0001:0005f490       DllMain                    0000000180060490 f   MSVCRTD:dll_dllmain_stub.obj
 0001:0005f4d0       ?__scrt_initialize_type_info@@YAXXZ 00000001800604d0 f   MSVCRTD:tncleanup.obj
 0001:0005f4f0       ?__scrt_uninitialize_type_info@@YAXXZ 00000001800604f0 f   MSVCRTD:tncleanup.obj
 0001:0005f510       __local_stdio_scanf_options 0000000180060510 f i MSVCRTD:default_local_stdio_options.obj
 0001:0005f520       __scrt_initialize_default_local_stdio_options 0000000180060520 f   MSVCRTD:default_local_stdio_options.obj
 0001:0005f570       ?configure_argv@__scrt_narrow_argv_policy@@SAHXZ 0000000180060570 f i MSVCRTD:utility.obj
 0001:0005f660       ?initialize_environment@__scrt_narrow_environment_policy@@SAHXZ 0000000180060660 f i MSVCRTD:utility.obj
 0001:0005f700       NtCurrentTeb               0000000180060700 f i MSVCRTD:utility.obj
 0001:0005f710       __scrt_acquire_startup_lock 0000000180060710 f   MSVCRTD:utility.obj
 0001:0005f780       __scrt_dllmain_after_initialize_c 0000000180060780 f   MSVCRTD:utility.obj
 0001:0005f7b0       __scrt_dllmain_before_initialize_c 00000001800607b0 f   MSVCRTD:utility.obj
 0001:0005f7d0       __scrt_dllmain_crt_thread_attach 00000001800607d0 f   MSVCRTD:utility.obj
 0001:0005f800       __scrt_dllmain_crt_thread_detach 0000000180060800 f   MSVCRTD:utility.obj
 0001:0005f820       __scrt_dllmain_exception_filter 0000000180060820 f   MSVCRTD:utility.obj
 0001:0005f890       __scrt_dllmain_uninitialize_c 0000000180060890 f   MSVCRTD:utility.obj
 0001:0005f8c0       __scrt_dllmain_uninitialize_critical 00000001800608c0 f   MSVCRTD:utility.obj
 0001:0005f8e0       __scrt_initialize_crt      00000001800608e0 f   MSVCRTD:utility.obj
 0001:0005f930       __scrt_initialize_onexit_tables 0000000180060930 f   MSVCRTD:utility.obj
 0001:0005fa40       __scrt_is_nonwritable_in_current_image 0000000180060a40 f   MSVCRTD:utility.obj
 0001:0005fad0       __scrt_release_startup_lock 0000000180060ad0 f   MSVCRTD:utility.obj
 0001:0005fb00       __scrt_uninitialize_crt    0000000180060b00 f   MSVCRTD:utility.obj
 0001:0005fb40       _onexit                    0000000180060b40 f   MSVCRTD:utility.obj
 0001:0005fbc0       at_quick_exit              0000000180060bc0 f   MSVCRTD:utility.obj
 0001:0005fc10       atexit                     0000000180060c10 f   MSVCRTD:utility.obj
 0001:0005fc50       __scrt_get_dyn_tls_init_callback 0000000180060c50 f   MSVCRTD:dyn_tls_init.obj
 0001:0005fc60       __crt_debugger_hook        0000000180060c60 f   MSVCRTD:utility_desktop.obj
 0001:0005fc70       __scrt_fastfail            0000000180060c70 f   MSVCRTD:utility_desktop.obj
 0001:0005fe10       __scrt_get_show_window_mode 0000000180060e10 f   MSVCRTD:utility_desktop.obj
 0001:0005fe70       __scrt_initialize_mta      0000000180060e70 f   MSVCRTD:utility_desktop.obj
 0001:0005fe80       __scrt_initialize_winrt    0000000180060e80 f   MSVCRTD:utility_desktop.obj
 0001:0005fe90       __scrt_is_managed_app      0000000180060e90 f   MSVCRTD:utility_desktop.obj
 0001:0005ff40       __scrt_set_unhandled_exception_filter 0000000180060f40 f   MSVCRTD:utility_desktop.obj
 0001:0005ff60       __scrt_exe_initialize_mta  0000000180060f60 f   MSVCRTD:utility_desktop.obj
 0001:0005ff60       __scrt_stub_for_initialize_mta 0000000180060f60 f   MSVCRTD:utility_desktop.obj
 0001:0005ff70       __scrt_unhandled_exception_filter 0000000180060f70 f   MSVCRTD:utility_desktop.obj
 0001:00060010       _RTC_Initialize            0000000180061010 f   MSVCRTD:initsect.obj
 0001:00060060       _RTC_Terminate             0000000180061060 f   MSVCRTD:initsect.obj
 0001:000600b0       __isa_available_init       00000001800610b0 f   MSVCRTD:cpu_disp.obj
 0001:00060450       _get_startup_argv_mode     0000000180061450 f   MSVCRTD:argv_mode.obj
 0001:00060460       __scrt_is_ucrt_dll_in_use  0000000180061460 f   MSVCRTD:ucrt_detection.obj
 0001:00060485       memcpy                     0000000180061485 f   vcruntimed:VCRUNTIME140D.dll
 0001:0006048b       memset                     000000018006148b f   vcruntimed:VCRUNTIME140D.dll
 0001:00060491       __CxxFrameHandler4         0000000180061491 f   vcruntimed:VCRUNTIME140_1D.dll
 0001:00060497       memcmp                     0000000180061497 f   vcruntimed:VCRUNTIME140D.dll
 0001:0006049d       memmove                    000000018006149d f   vcruntimed:VCRUNTIME140D.dll
 0001:000604a3       _purecall                  00000001800614a3 f   vcruntimed:VCRUNTIME140D.dll
 0001:000604a9       __C_specific_handler_noexcept 00000001800614a9 f   vcruntimed:VCRUNTIME140D.dll
 0001:000604af       __C_specific_handler       00000001800614af f   vcruntimed:VCRUNTIME140D.dll
 0001:000604b5       __vcrt_GetModuleFileNameW  00000001800614b5 f   vcruntimed:VCRUNTIME140D.dll
 0001:000604bb       __vcrt_GetModuleHandleW    00000001800614bb f   vcruntimed:VCRUNTIME140D.dll
 0001:000604c1       __vcrt_LoadLibraryExW      00000001800614c1 f   vcruntimed:VCRUNTIME140D.dll
 0001:000604c7       __std_exception_copy       00000001800614c7 f   vcruntimed:VCRUNTIME140D.dll
 0001:000604cd       __std_exception_destroy    00000001800614cd f   vcruntimed:VCRUNTIME140D.dll
 0001:000604d3       _CxxThrowException         00000001800614d3 f   vcruntimed:VCRUNTIME140D.dll
 0001:000604d9       __std_type_info_destroy_list 00000001800614d9 f   vcruntimed:VCRUNTIME140D.dll
 0001:000604df       __current_exception        00000001800614df f   vcruntimed:VCRUNTIME140D.dll
 0001:000604e5       __current_exception_context 00000001800614e5 f   vcruntimed:VCRUNTIME140D.dll
 0001:000604eb       strncpy_s                  00000001800614eb f   ucrtd:ucrtbased.dll
 0001:000604f1       strlen                     00000001800614f1 f   ucrtd:ucrtbased.dll
 0001:000604f7       _localtime64_s             00000001800614f7 f   ucrtd:ucrtbased.dll
 0001:000604fd       strftime                   00000001800614fd f   ucrtd:ucrtbased.dll
 0001:00060503       _ftime64_s                 0000000180061503 f   ucrtd:ucrtbased.dll
 0001:00060509       fopen_s                    0000000180061509 f   ucrtd:ucrtbased.dll
 0001:0006050f       fclose                     000000018006150f f   ucrtd:ucrtbased.dll
 0001:00060515       fflush                     0000000180061515 f   ucrtd:ucrtbased.dll
 0001:0006051b       fseek                      000000018006151b f   ucrtd:ucrtbased.dll
 0001:00060521       fwrite                     0000000180061521 f   ucrtd:ucrtbased.dll
 0001:00060527       __stdio_common_vsnprintf_s 0000000180061527 f   ucrtd:ucrtbased.dll
 0001:0006052d       free                       000000018006152d f   ucrtd:ucrtbased.dll
 0001:00060533       malloc                     0000000180061533 f   ucrtd:ucrtbased.dll
 0001:00060539       _wassert                   0000000180061539 f   ucrtd:ucrtbased.dll
 0001:0006053f       log                        000000018006153f f   ucrtd:ucrtbased.dll
 0001:00060545       __acrt_iob_func            0000000180061545 f   ucrtd:ucrtbased.dll
 0001:0006054b       __stdio_common_vfprintf    000000018006154b f   ucrtd:ucrtbased.dll
 0001:00060551       ceil                       0000000180061551 f   ucrtd:ucrtbased.dll
 0001:00060557       _CrtDbgReport              0000000180061557 f   ucrtd:ucrtbased.dll
 0001:0006055d       _CrtDbgReportW             000000018006155d f   ucrtd:ucrtbased.dll
 0001:00060563       strcpy_s                   0000000180061563 f   ucrtd:ucrtbased.dll
 0001:00060569       strcat_s                   0000000180061569 f   ucrtd:ucrtbased.dll
 0001:0006056f       __stdio_common_vsprintf_s  000000018006156f f   ucrtd:ucrtbased.dll
 0001:00060575       _callnewh                  0000000180061575 f   ucrtd:ucrtbased.dll
 0001:0006057b       _initterm                  000000018006157b f   ucrtd:ucrtbased.dll
 0001:00060581       _initterm_e                0000000180061581 f   ucrtd:ucrtbased.dll
 0001:00060587       _free_dbg                  0000000180061587 f   ucrtd:ucrtbased.dll
 0001:0006058d       _wmakepath_s               000000018006158d f   ucrtd:ucrtbased.dll
 0001:00060593       _wsplitpath_s              0000000180061593 f   ucrtd:ucrtbased.dll
 0001:00060599       wcscpy_s                   0000000180061599 f   ucrtd:ucrtbased.dll
 0001:0006059f       _seh_filter_dll            000000018006159f f   ucrtd:ucrtbased.dll
 0001:000605a5       _configure_narrow_argv     00000001800615a5 f   ucrtd:ucrtbased.dll
 0001:000605ab       _initialize_narrow_environment 00000001800615ab f   ucrtd:ucrtbased.dll
 0001:000605b1       _initialize_onexit_table   00000001800615b1 f   ucrtd:ucrtbased.dll
 0001:000605b7       _register_onexit_function  00000001800615b7 f   ucrtd:ucrtbased.dll
 0001:000605bd       _execute_onexit_table      00000001800615bd f   ucrtd:ucrtbased.dll
 0001:000605c3       _crt_atexit                00000001800615c3 f   ucrtd:ucrtbased.dll
 0001:000605c9       _crt_at_quick_exit         00000001800615c9 f   ucrtd:ucrtbased.dll
 0001:000605cf       _cexit                     00000001800615cf f   ucrtd:ucrtbased.dll
 0001:000605d5       terminate                  00000001800615d5 f   ucrtd:ucrtbased.dll
 0001:000605db       GetCurrentThreadId         00000001800615db f   kernel32:KERNEL32.dll
 0001:000605e1       IsDebuggerPresent          00000001800615e1 f   kernel32:KERNEL32.dll
 0001:000605e7       RaiseException             00000001800615e7 f   kernel32:KERNEL32.dll
 0001:000605ed       MultiByteToWideChar        00000001800615ed f   kernel32:KERNEL32.dll
 0001:000605f3       WideCharToMultiByte        00000001800615f3 f   kernel32:KERNEL32.dll
 0001:000605f9       RtlCaptureContext          00000001800615f9 f   kernel32:KERNEL32.dll
 0001:000605ff       RtlLookupFunctionEntry     00000001800615ff f   kernel32:KERNEL32.dll
 0001:00060605       RtlVirtualUnwind           0000000180061605 f   kernel32:KERNEL32.dll
 0001:0006060b       UnhandledExceptionFilter   000000018006160b f   kernel32:KERNEL32.dll
 0001:00060611       SetUnhandledExceptionFilter 0000000180061611 f   kernel32:KERNEL32.dll
 0001:00060617       GetCurrentProcess          0000000180061617 f   kernel32:KERNEL32.dll
 0001:0006061d       TerminateProcess           000000018006161d f   kernel32:KERNEL32.dll
 0001:00060623       IsProcessorFeaturePresent  0000000180061623 f   kernel32:KERNEL32.dll
 0001:00060629       GetLastError               0000000180061629 f   kernel32:KERNEL32.dll
 0001:0006062f       HeapAlloc                  000000018006162f f   kernel32:KERNEL32.dll
 0001:00060635       HeapFree                   0000000180061635 f   kernel32:KERNEL32.dll
 0001:0006063b       GetProcessHeap             000000018006163b f   kernel32:KERNEL32.dll
 0001:00060641       VirtualQuery               0000000180061641 f   kernel32:KERNEL32.dll
 0001:00060647       FreeLibrary                0000000180061647 f   kernel32:KERNEL32.dll
 0001:0006064d       GetProcAddress             000000018006164d f   kernel32:KERNEL32.dll
 0001:00060653       GetCurrentProcessId        0000000180061653 f   kernel32:KERNEL32.dll
 0001:00060659       GetSystemTimeAsFileTime    0000000180061659 f   kernel32:KERNEL32.dll
 0001:0006065f       DisableThreadLibraryCalls  000000018006165f f   kernel32:KERNEL32.dll
 0001:00060665       InitializeSListHead        0000000180061665 f   kernel32:KERNEL32.dll
 0001:0006066b       GetStartupInfoW            000000018006166b f   kernel32:KERNEL32.dll
 0001:00060671       GetModuleHandleW           0000000180061671 f   kernel32:KERNEL32.dll
 0001:00060680       __vcrt_initialize          0000000180061680 f   MSVCRTD:ucrt_stubs.obj
 0001:00060680       __scrt_stub_for_acrt_initialize 0000000180061680 f   MSVCRTD:ucrt_stubs.obj
 0001:00060680       __acrt_initialize          0000000180061680 f   MSVCRTD:ucrt_stubs.obj
 0001:00060690       __acrt_thread_attach       0000000180061690 f   MSVCRTD:ucrt_stubs.obj
 0001:00060690       __vcrt_thread_attach       0000000180061690 f   MSVCRTD:ucrt_stubs.obj
 0001:00060690       __scrt_stub_for_acrt_thread_attach 0000000180061690 f   MSVCRTD:ucrt_stubs.obj
 0001:000606a0       __acrt_thread_detach       00000001800616a0 f   MSVCRTD:ucrt_stubs.obj
 0001:000606a0       __vcrt_thread_detach       00000001800616a0 f   MSVCRTD:ucrt_stubs.obj
 0001:000606a0       __scrt_stub_for_acrt_thread_detach 00000001800616a0 f   MSVCRTD:ucrt_stubs.obj
 0001:000606b0       __acrt_uninitialize        00000001800616b0 f   MSVCRTD:ucrt_stubs.obj
 0001:000606b0       __vcrt_uninitialize        00000001800616b0 f   MSVCRTD:ucrt_stubs.obj
 0001:000606b0       __scrt_stub_for_acrt_uninitialize 00000001800616b0 f   MSVCRTD:ucrt_stubs.obj
 0001:000606c0       __scrt_stub_for_acrt_uninitialize_critical 00000001800616c0 f   MSVCRTD:ucrt_stubs.obj
 0001:000606c0       __acrt_uninitialize_critical 00000001800616c0 f   MSVCRTD:ucrt_stubs.obj
 0001:000606c0       __vcrt_uninitialize_critical 00000001800616c0 f   MSVCRTD:ucrt_stubs.obj
 0001:000606d0       __scrt_stub_for_is_c_termination_complete 00000001800616d0 f   MSVCRTD:ucrt_stubs.obj
 0001:000606d0       _is_c_termination_complete 00000001800616d0 f   MSVCRTD:ucrt_stubs.obj
 0001:000606f0       _guard_dispatch_icall_nop  00000001800616f0 f   MSVCRTD:guard_dispatch.obj
 0001:00060710       _guard_xfg_dispatch_icall_nop 0000000180061710 f   MSVCRTD:guard_xfg_dispatch.obj
 0002:00000000       __imp_CloseHandle          0000000180062000     kernel32:KERNEL32.dll
 0002:00000008       __imp_InitializeCriticalSection 0000000180062008     kernel32:KERNEL32.dll
 0002:00000010       __imp_EnterCriticalSection 0000000180062010     kernel32:KERNEL32.dll
 0002:00000018       __imp_LeaveCriticalSection 0000000180062018     kernel32:KERNEL32.dll
 0002:00000020       __imp_DeleteCriticalSection 0000000180062020     kernel32:KERNEL32.dll
 0002:00000028       __imp_SetEvent             0000000180062028     kernel32:KERNEL32.dll
 0002:00000030       __imp_WaitForSingleObject  0000000180062030     kernel32:KERNEL32.dll
 0002:00000038       __imp_CreateEventW         0000000180062038     kernel32:KERNEL32.dll
 0002:00000040       __imp_WaitForMultipleObjects 0000000180062040     kernel32:KERNEL32.dll
 0002:00000048       __imp_CreateThread         0000000180062048     kernel32:KERNEL32.dll
 0002:00000050       __imp_GetCurrentThread     0000000180062050     kernel32:KERNEL32.dll
 0002:00000058       __imp_GetSystemInfo        0000000180062058     kernel32:KERNEL32.dll
 0002:00000060       __imp_QueryPerformanceCounter 0000000180062060     kernel32:KERNEL32.dll
 0002:00000068       __imp_QueryPerformanceFrequency 0000000180062068     kernel32:KERNEL32.dll
 0002:00000070       __imp_GetStartupInfoW      0000000180062070     kernel32:KERNEL32.dll
 0002:00000078       __imp_InitializeSListHead  0000000180062078     kernel32:KERNEL32.dll
 0002:00000080       __imp_DisableThreadLibraryCalls 0000000180062080     kernel32:KERNEL32.dll
 0002:00000088       __imp_GetSystemTimeAsFileTime 0000000180062088     kernel32:KERNEL32.dll
 0002:00000090       __imp_GetCurrentProcessId  0000000180062090     kernel32:KERNEL32.dll
 0002:00000098       __imp_GetProcAddress       0000000180062098     kernel32:KERNEL32.dll
 0002:000000a0       __imp_FreeLibrary          00000001800620a0     kernel32:KERNEL32.dll
 0002:000000a8       __imp_VirtualQuery         00000001800620a8     kernel32:KERNEL32.dll
 0002:000000b0       __imp_GetProcessHeap       00000001800620b0     kernel32:KERNEL32.dll
 0002:000000b8       __imp_HeapFree             00000001800620b8     kernel32:KERNEL32.dll
 0002:000000c0       __imp_HeapAlloc            00000001800620c0     kernel32:KERNEL32.dll
 0002:000000c8       __imp_GetLastError         00000001800620c8     kernel32:KERNEL32.dll
 0002:000000d0       __imp_IsProcessorFeaturePresent 00000001800620d0     kernel32:KERNEL32.dll
 0002:000000d8       __imp_TerminateProcess     00000001800620d8     kernel32:KERNEL32.dll
 0002:000000e0       __imp_GetCurrentProcess    00000001800620e0     kernel32:KERNEL32.dll
 0002:000000e8       __imp_SetUnhandledExceptionFilter 00000001800620e8     kernel32:KERNEL32.dll
 0002:000000f0       __imp_UnhandledExceptionFilter 00000001800620f0     kernel32:KERNEL32.dll
 0002:000000f8       __imp_RtlVirtualUnwind     00000001800620f8     kernel32:KERNEL32.dll
 0002:00000100       __imp_RtlLookupFunctionEntry 0000000180062100     kernel32:KERNEL32.dll
 0002:00000108       __imp_RtlCaptureContext    0000000180062108     kernel32:KERNEL32.dll
 0002:00000110       __imp_WideCharToMultiByte  0000000180062110     kernel32:KERNEL32.dll
 0002:00000118       __imp_MultiByteToWideChar  0000000180062118     kernel32:KERNEL32.dll
 0002:00000120       __imp_RaiseException       0000000180062120     kernel32:KERNEL32.dll
 0002:00000128       __imp_IsDebuggerPresent    0000000180062128     kernel32:KERNEL32.dll
 0002:00000130       __imp_GetCurrentThreadId   0000000180062130     kernel32:KERNEL32.dll
 0002:00000138       __imp_GetModuleHandleW     0000000180062138     kernel32:KERNEL32.dll
 0002:00000140       \177KERNEL32_NULL_THUNK_DATA 0000000180062140     kernel32:KERNEL32.dll
 0002:00000148       __imp_memcmp               0000000180062148     vcruntimed:VCRUNTIME140D.dll
 0002:00000150       __imp_memmove              0000000180062150     vcruntimed:VCRUNTIME140D.dll
 0002:00000158       __imp__purecall            0000000180062158     vcruntimed:VCRUNTIME140D.dll
 0002:00000160       __imp___C_specific_handler_noexcept 0000000180062160     vcruntimed:VCRUNTIME140D.dll
 0002:00000168       __imp___C_specific_handler 0000000180062168     vcruntimed:VCRUNTIME140D.dll
 0002:00000170       __imp___vcrt_GetModuleFileNameW 0000000180062170     vcruntimed:VCRUNTIME140D.dll
 0002:00000178       __imp___vcrt_GetModuleHandleW 0000000180062178     vcruntimed:VCRUNTIME140D.dll
 0002:00000180       __imp___vcrt_LoadLibraryExW 0000000180062180     vcruntimed:VCRUNTIME140D.dll
 0002:00000188       __imp___std_exception_copy 0000000180062188     vcruntimed:VCRUNTIME140D.dll
[...]
 0005:000001df       __32E5F013_string@h        00000001800781df     mv_pred.obj
 0005:000001e0       __52E83662_macros@h        00000001800781e0     mv_pred.obj
 0005:000001e1       __864C4808_wels_common_basis@h 00000001800781e1     mv_pred.obj
 0005:000001e2       __451F0960_golomb_common@h 00000001800781e2     mv_pred.obj
 0005:000001e3       __BAD1AAB0_mv_pred@cpp     00000001800781e3     mv_pred.obj
 0005:000001e4       __741AE07E_corecrt_math@h  00000001800781e4     parse_mb_syn_cabac.obj
 0005:000001e5       __1FEB9909_corecrt_memcpy_s@h 00000001800781e5     parse_mb_syn_cabac.obj
 0005:000001e6       __A751F051_corecrt_memory@h 00000001800781e6     parse_mb_syn_cabac.obj
 0005:000001e7       __9200769A_corecrt_wstring@h 00000001800781e7     parse_mb_syn_cabac.obj
 0005:000001e8       __32E5F013_string@h        00000001800781e8     parse_mb_syn_cabac.obj
 0005:000001e9       __52E83662_macros@h        00000001800781e9     parse_mb_syn_cabac.obj
 0005:000001ea       __864C4808_wels_common_basis@h 00000001800781ea     parse_mb_syn_cabac.obj
 0005:000001eb       __451F0960_golomb_common@h 00000001800781eb     parse_mb_syn_cabac.obj
 0005:000001ec       __DC256DA8_dec_golomb@h    00000001800781ec     parse_mb_syn_cabac.obj
 0005:000001ed       __DF0DFBA6_vlc_decoder@h   00000001800781ed     parse_mb_syn_cabac.obj
 0005:000001ee       __B49664B7_stdlib@h        00000001800781ee     parse_mb_syn_cabac.obj
 0005:000001ef       __A2143F22_corecrt_stdio_config@h 00000001800781ef     parse_mb_syn_cabac.obj
 0005:000001f0       __829E1958_corecrt_wstdio@h 00000001800781f0     parse_mb_syn_cabac.obj
 0005:000001f1       __6DFAE8B8_stdio@h         00000001800781f1     parse_mb_syn_cabac.obj
 0005:000001f2       __1157D6BA_corecrt_wtime@h 00000001800781f2     parse_mb_syn_cabac.obj
 0005:000001f3       __A0B61CF9_time@h          00000001800781f3     parse_mb_syn_cabac.obj
 0005:000001f4       __B2D2BA86_ctype@h         00000001800781f4     parse_mb_syn_cabac.obj
 0005:000001f5       __79C7FC57_basetsd@h       00000001800781f5     parse_mb_syn_cabac.obj
 0005:000001f6       __D545DD43_guiddef@h       00000001800781f6     parse_mb_syn_cabac.obj
 0005:000001f7       __D5DDFBF3_winnt@h         00000001800781f7     parse_mb_syn_cabac.obj
 0005:000001f8       __439612F0_processthreadsapi@h 00000001800781f8     parse_mb_syn_cabac.obj
 0005:000001f9       __5733279A_memoryapi@h     00000001800781f9     parse_mb_syn_cabac.obj
 0005:000001fa       __D4435474_winerror@h      00000001800781fa     parse_mb_syn_cabac.obj
 0005:000001fb       __B3ED30D4_winbase@h       00000001800781fb     parse_mb_syn_cabac.obj
 0005:000001fc       __DB057BA3_winuser@h       00000001800781fc     parse_mb_syn_cabac.obj
 0005:000001fd       __A7113148_winioctl@h      00000001800781fd     parse_mb_syn_cabac.obj
 0005:000001fe       __EC5BC72C_propidl@h       00000001800781fe     parse_mb_syn_cabac.obj
 0005:000001ff       __6DA674A0_oleauto@h       00000001800781ff     parse_mb_syn_cabac.obj
 0005:00000200       __A118E6DC_stralign@h      0000000180078200     parse_mb_syn_cabac.obj
 0005:00000201       __E2B48F07_timeb@h         0000000180078201     parse_mb_syn_cabac.obj
 0005:00000202       __755F7121_decoder_context@h 0000000180078202     parse_mb_syn_cabac.obj
 0005:00000203       __A35F8D38_parse_mb_syn_cabac@cpp 0000000180078203     parse_mb_syn_cabac.obj
 0005:00000204       __741AE07E_corecrt_math@h  0000000180078204     parse_mb_syn_cavlc.obj
 0005:00000205       __1FEB9909_corecrt_memcpy_s@h 0000000180078205     parse_mb_syn_cavlc.obj
 0005:00000206       __A751F051_corecrt_memory@h 0000000180078206     parse_mb_syn_cavlc.obj
 0005:00000207       __9200769A_corecrt_wstring@h 0000000180078207     parse_mb_syn_cavlc.obj
 0005:00000208       __32E5F013_string@h        0000000180078208     parse_mb_syn_cavlc.obj
 0005:00000209       __52E83662_macros@h        0000000180078209     parse_mb_syn_cavlc.obj
 0005:0000020a       __864C4808_wels_common_basis@h 000000018007820a     parse_mb_syn_cavlc.obj
 0005:0000020b       __451F0960_golomb_common@h 000000018007820b     parse_mb_syn_cavlc.obj
 0005:0000020c       __DC256DA8_dec_golomb@h    000000018007820c     parse_mb_syn_cavlc.obj
 0005:0000020d       __DF0DFBA6_vlc_decoder@h   000000018007820d     parse_mb_syn_cavlc.obj
 0005:0000020e       __B49664B7_stdlib@h        000000018007820e     parse_mb_syn_cavlc.obj
 0005:0000020f       __A2143F22_corecrt_stdio_config@h 000000018007820f     parse_mb_syn_cavlc.obj
 0005:00000210       __829E1958_corecrt_wstdio@h 0000000180078210     parse_mb_syn_cavlc.obj
 0005:00000211       __6DFAE8B8_stdio@h         0000000180078211     parse_mb_syn_cavlc.obj
 0005:00000212       __1157D6BA_corecrt_wtime@h 0000000180078212     parse_mb_syn_cavlc.obj
 0005:00000213       __A0B61CF9_time@h          0000000180078213     parse_mb_syn_cavlc.obj
 0005:00000214       __B2D2BA86_ctype@h         0000000180078214     parse_mb_syn_cavlc.obj
 0005:00000215       __79C7FC57_basetsd@h       0000000180078215     parse_mb_syn_cavlc.obj
 0005:00000216       __D545DD43_guiddef@h       0000000180078216     parse_mb_syn_cavlc.obj
 0005:00000217       __D5DDFBF3_winnt@h         0000000180078217     parse_mb_syn_cavlc.obj
 0005:00000218       __439612F0_processthreadsapi@h 0000000180078218     parse_mb_syn_cavlc.obj
 0005:00000219       __5733279A_memoryapi@h     0000000180078219     parse_mb_syn_cavlc.obj
 0005:0000021a       __D4435474_winerror@h      000000018007821a     parse_mb_syn_cavlc.obj
 0005:0000021b       __B3ED30D4_winbase@h       000000018007821b     parse_mb_syn_cavlc.obj
 0005:0000021c       __DB057BA3_winuser@h       000000018007821c     parse_mb_syn_cavlc.obj
 0005:0000021d       __A7113148_winioctl@h      000000018007821d     parse_mb_syn_cavlc.obj
 0005:0000021e       __EC5BC72C_propidl@h       000000018007821e     parse_mb_syn_cavlc.obj
 0005:0000021f       __6DA674A0_oleauto@h       000000018007821f     parse_mb_syn_cavlc.obj
 0005:00000220       __A118E6DC_stralign@h      0000000180078220     parse_mb_syn_cavlc.obj
 0005:00000221       __E2B48F07_timeb@h         0000000180078221     parse_mb_syn_cavlc.obj
 0005:00000222       __755F7121_decoder_context@h 0000000180078222     parse_mb_syn_cavlc.obj
 0005:00000223       __8C50263B_parse_mb_syn_cavlc@cpp 0000000180078223     parse_mb_syn_cavlc.obj
 0005:00000224       __741AE07E_corecrt_math@h  0000000180078224     pic_queue.obj
 0005:00000225       __1FEB9909_corecrt_memcpy_s@h 0000000180078225     pic_queue.obj
 0005:00000226       __A751F051_corecrt_memory@h 0000000180078226     pic_queue.obj
 0005:00000227       __9200769A_corecrt_wstring@h 0000000180078227     pic_queue.obj
 0005:00000228       __32E5F013_string@h        0000000180078228     pic_queue.obj
 0005:00000229       __52E83662_macros@h        0000000180078229     pic_queue.obj
 0005:0000022a       __864C4808_wels_common_basis@h 000000018007822a     pic_queue.obj
 0005:0000022b       __451F0960_golomb_common@h 000000018007822b     pic_queue.obj
 0005:0000022c       __DC256DA8_dec_golomb@h    000000018007822c     pic_queue.obj
 0005:0000022d       __DF0DFBA6_vlc_decoder@h   000000018007822d     pic_queue.obj
 0005:0000022e       __B49664B7_stdlib@h        000000018007822e     pic_queue.obj
 0005:0000022f       __A2143F22_corecrt_stdio_config@h 000000018007822f     pic_queue.obj
 0005:00000230       __829E1958_corecrt_wstdio@h 0000000180078230     pic_queue.obj
 0005:00000231       __6DFAE8B8_stdio@h         0000000180078231     pic_queue.obj
 0005:00000232       __1157D6BA_corecrt_wtime@h 0000000180078232     pic_queue.obj
 0005:00000233       __A0B61CF9_time@h          0000000180078233     pic_queue.obj
 0005:00000234       __B2D2BA86_ctype@h         0000000180078234     pic_queue.obj
 0005:00000235       __79C7FC57_basetsd@h       0000000180078235     pic_queue.obj
 0005:00000236       __D545DD43_guiddef@h       0000000180078236     pic_queue.obj
 0005:00000237       __D5DDFBF3_winnt@h         0000000180078237     pic_queue.obj
 0005:00000238       __439612F0_processthreadsapi@h 0000000180078238     pic_queue.obj
 0005:00000239       __5733279A_memoryapi@h     0000000180078239     pic_queue.obj
 0005:0000023a       __D4435474_winerror@h      000000018007823a     pic_queue.obj
 0005:0000023b       __B3ED30D4_winbase@h       000000018007823b     pic_queue.obj
 0005:0000023c       __DB057BA3_winuser@h       000000018007823c     pic_queue.obj
 0005:0000023d       __A7113148_winioctl@h      000000018007823d     pic_queue.obj
 0005:0000023e       __EC5BC72C_propidl@h       000000018007823e     pic_queue.obj
 0005:0000023f       __6DA674A0_oleauto@h       000000018007823f     pic_queue.obj
 0005:00000240       __A118E6DC_stralign@h      0000000180078240     pic_queue.obj
 0005:00000241       __E2B48F07_timeb@h         0000000180078241     pic_queue.obj
 0005:00000242       __755F7121_decoder_context@h 0000000180078242     pic_queue.obj
 0005:00000243       __83870D8C_pic_queue@cpp   0000000180078243     pic_queue.obj
 0005:00000244       __741AE07E_corecrt_math@h  0000000180078244     rec_mb.obj
 0005:00000245       __1FEB9909_corecrt_memcpy_s@h 0000000180078245     rec_mb.obj
 0005:00000246       __A751F051_corecrt_memory@h 0000000180078246     rec_mb.obj
 0005:00000247       __9200769A_corecrt_wstring@h 0000000180078247     rec_mb.obj
 0005:00000248       __32E5F013_string@h        0000000180078248     rec_mb.obj
 0005:00000249       __52E83662_macros@h        0000000180078249     rec_mb.obj
 0005:0000024a       __864C4808_wels_common_basis@h 000000018007824a     rec_mb.obj
 0005:0000024b       __451F0960_golomb_common@h 000000018007824b     rec_mb.obj
 0005:0000024c       __DC256DA8_dec_golomb@h    000000018007824c     rec_mb.obj
 0005:0000024d       __DF0DFBA6_vlc_decoder@h   000000018007824d     rec_mb.obj
 0005:0000024e       __B49664B7_stdlib@h        000000018007824e     rec_mb.obj
 0005:0000024f       __A2143F22_corecrt_stdio_config@h 000000018007824f     rec_mb.obj
 0005:00000250       __829E1958_corecrt_wstdio@h 0000000180078250     rec_mb.obj
 0005:00000251       __6DFAE8B8_stdio@h         0000000180078251     rec_mb.obj
 0005:00000252       __1157D6BA_corecrt_wtime@h 0000000180078252     rec_mb.obj
 0005:00000253       __A0B61CF9_time@h          0000000180078253     rec_mb.obj
 0005:00000254       __B2D2BA86_ctype@h         0000000180078254     rec_mb.obj
 0005:00000255       __79C7FC57_basetsd@h       0000000180078255     rec_mb.obj
 0005:00000256       __D545DD43_guiddef@h       0000000180078256     rec_mb.obj
 0005:00000257       __D5DDFBF3_winnt@h         0000000180078257     rec_mb.obj
 0005:00000258       __439612F0_processthreadsapi@h 0000000180078258     rec_mb.obj
 0005:00000259       __5733279A_memoryapi@h     0000000180078259     rec_mb.obj
 0005:0000025a       __D4435474_winerror@h      000000018007825a     rec_mb.obj
 0005:0000025b       __B3ED30D4_winbase@h       000000018007825b     rec_mb.obj
 0005:0000025c       __DB057BA3_winuser@h       000000018007825c     rec_mb.obj
 0005:0000025d       __A7113148_winioctl@h      000000018007825d     rec_mb.obj
 0005:0000025e       __EC5BC72C_propidl@h       000000018007825e     rec_mb.obj
 0005:0000025f       __6DA674A0_oleauto@h       000000018007825f     rec_mb.obj
 0005:00000260       __A118E6DC_stralign@h      0000000180078260     rec_mb.obj
 0005:00000261       __E2B48F07_timeb@h         0000000180078261     rec_mb.obj
 0005:00000262       __755F7121_decoder_context@h 0000000180078262     rec_mb.obj
 0005:00000263       __04479514_rec_mb@cpp      0000000180078263     rec_mb.obj
 0005:00000264       __670FD895_codec_api@h     0000000180078264     welsDecoderExt.obj
 0005:00000265       __741AE07E_corecrt_math@h  0000000180078265     welsDecoderExt.obj
 0005:00000266       __1FEB9909_corecrt_memcpy_s@h 0000000180078266     welsDecoderExt.obj
 0005:00000267       __A751F051_corecrt_memory@h 0000000180078267     welsDecoderExt.obj
 0005:00000268       __9200769A_corecrt_wstring@h 0000000180078268     welsDecoderExt.obj
 0005:00000269       __32E5F013_string@h        0000000180078269     welsDecoderExt.obj
 0005:0000026a       __52E83662_macros@h        000000018007826a     welsDecoderExt.obj
 0005:0000026b       __864C4808_wels_common_basis@h 000000018007826b     welsDecoderExt.obj
 0005:0000026c       __451F0960_golomb_common@h 000000018007826c     welsDecoderExt.obj
 0005:0000026d       __DC256DA8_dec_golomb@h    000000018007826d     welsDecoderExt.obj
 0005:0000026e       __DF0DFBA6_vlc_decoder@h   000000018007826e     welsDecoderExt.obj
 0005:0000026f       __B49664B7_stdlib@h        000000018007826f     welsDecoderExt.obj
 0005:00000270       __A2143F22_corecrt_stdio_config@h 0000000180078270     welsDecoderExt.obj
 0005:00000271       __829E1958_corecrt_wstdio@h 0000000180078271     welsDecoderExt.obj
 0005:00000272       __6DFAE8B8_stdio@h         0000000180078272     welsDecoderExt.obj
 0005:00000273       __1157D6BA_corecrt_wtime@h 0000000180078273     welsDecoderExt.obj
 0005:00000274       __A0B61CF9_time@h          0000000180078274     welsDecoderExt.obj
 0005:00000275       __B2D2BA86_ctype@h         0000000180078275     welsDecoderExt.obj
 0005:00000276       __79C7FC57_basetsd@h       0000000180078276     welsDecoderExt.obj
 0005:00000277       __D545DD43_guiddef@h       0000000180078277     welsDecoderExt.obj
 0005:00000278       __D5DDFBF3_winnt@h         0000000180078278     welsDecoderExt.obj
 0005:00000279       __439612F0_processthreadsapi@h 0000000180078279     welsDecoderExt.obj
 0005:0000027a       __5733279A_memoryapi@h     000000018007827a     welsDecoderExt.obj
 0005:0000027b       __D4435474_winerror@h      000000018007827b     welsDecoderExt.obj
 0005:0000027c       __B3ED30D4_winbase@h       000000018007827c     welsDecoderExt.obj
 0005:0000027d       __DB057BA3_winuser@h       000000018007827d     welsDecoderExt.obj
 0005:0000027e       __A7113148_winioctl@h      000000018007827e     welsDecoderExt.obj
 0005:0000027f       __EC5BC72C_propidl@h       000000018007827f     welsDecoderExt.obj
 0005:00000280       __6DA674A0_oleauto@h       0000000180078280     welsDecoderExt.obj
 0005:00000281       __A118E6DC_stralign@h      0000000180078281     welsDecoderExt.obj
 0005:00000282       __E2B48F07_timeb@h         0000000180078282     welsDecoderExt.obj
 0005:00000283       __755F7121_decoder_context@h 0000000180078283     welsDecoderExt.obj
 0005:00000284       __0FC9870A_measure_time@h  0000000180078284     welsDecoderExt.obj
 0005:00000285       __D641FF4B_welsDecoderExt@h 0000000180078285     welsDecoderExt.obj
 0005:00000286       __0FEBF2C9_welsDecoderExt@cpp 0000000180078286     welsDecoderExt.obj
 0005:00000287       __A2143F22_corecrt_stdio_config@h 0000000180078287     AdaptiveQuantization.obj
 0005:00000288       __829E1958_corecrt_wstdio@h 0000000180078288     AdaptiveQuantization.obj
 0005:00000289       __6DFAE8B8_stdio@h         0000000180078289     AdaptiveQuantization.obj
 0005:0000028a       __B49664B7_stdlib@h        000000018007828a     AdaptiveQuantization.obj
 0005:0000028b       __1FEB9909_corecrt_memcpy_s@h 000000018007828b     AdaptiveQuantization.obj
 0005:0000028c       __A751F051_corecrt_memory@h 000000018007828c     AdaptiveQuantization.obj
 0005:0000028d       __9200769A_corecrt_wstring@h 000000018007828d     AdaptiveQuantization.obj
 0005:0000028e       __32E5F013_string@h        000000018007828e     AdaptiveQuantization.obj
 0005:0000028f       __59CED207_memory@h        000000018007828f     AdaptiveQuantization.obj
 0005:00000290       __34540648_IWelsVP@h       0000000180078290     AdaptiveQuantization.obj
 0005:00000291       __AB1180C1_util@h          0000000180078291     AdaptiveQuantization.obj
 0005:00000292       __B2D2BA86_ctype@h         0000000180078292     AdaptiveQuantization.obj
 0005:00000293       __79C7FC57_basetsd@h       0000000180078293     AdaptiveQuantization.obj
 0005:00000294       __D545DD43_guiddef@h       0000000180078294     AdaptiveQuantization.obj
 0005:00000295       __D5DDFBF3_winnt@h         0000000180078295     AdaptiveQuantization.obj
 0005:00000296       __439612F0_processthreadsapi@h 0000000180078296     AdaptiveQuantization.obj
 0005:00000297       __5733279A_memoryapi@h     0000000180078297     AdaptiveQuantization.obj
 0005:00000298       __D4435474_winerror@h      0000000180078298     AdaptiveQuantization.obj
 0005:00000299       __B3ED30D4_winbase@h       0000000180078299     AdaptiveQuantization.obj
 0005:0000029a       __DB057BA3_winuser@h       000000018007829a     AdaptiveQuantization.obj
 0005:0000029b       __A7113148_winioctl@h      000000018007829b     AdaptiveQuantization.obj
 0005:0000029c       __EC5BC72C_propidl@h       000000018007829c     AdaptiveQuantization.obj
 0005:0000029d       __6DA674A0_oleauto@h       000000018007829d     AdaptiveQuantization.obj
 0005:0000029e       __A118E6DC_stralign@h      000000018007829e     AdaptiveQuantization.obj
 0005:0000029f       __327826DD_WelsFrameWork@h 000000018007829f     AdaptiveQuantization.obj
 0005:000002a0       __741AE07E_corecrt_math@h  00000001800782a0     AdaptiveQuantization.obj
 0005:000002a1       __52E83662_macros@h        00000001800782a1     AdaptiveQuantization.obj
 0005:000002a2       __5AA84397_AdaptiveQuantization@h 00000001800782a2     AdaptiveQuantization.obj
 0005:000002a3       __A2BAB174_AdaptiveQuantization@cpp 00000001800782a3     AdaptiveQuantization.obj
 0005:000002a4       __B2D2BA86_ctype@h         00000001800782a4     OpenH264.obj
 0005:000002a5       __79C7FC57_basetsd@h       00000001800782a5     OpenH264.obj
 0005:000002a6       __1FEB9909_corecrt_memcpy_s@h 00000001800782a6     OpenH264.obj
 0005:000002a7       __A751F051_corecrt_memory@h 00000001800782a7     OpenH264.obj
 0005:000002a8       __9200769A_corecrt_wstring@h 00000001800782a8     OpenH264.obj
 0005:000002a9       __32E5F013_string@h        00000001800782a9     OpenH264.obj
 0005:000002aa       __D545DD43_guiddef@h       00000001800782aa     OpenH264.obj
 0005:000002ab       __D5DDFBF3_winnt@h         00000001800782ab     OpenH264.obj
 0005:000002ac       __439612F0_processthreadsapi@h 00000001800782ac     OpenH264.obj
 0005:000002ad       __5733279A_memoryapi@h     00000001800782ad     OpenH264.obj
 0005:000002ae       __D4435474_winerror@h      00000001800782ae     OpenH264.obj
 0005:000002af       __B3ED30D4_winbase@h       00000001800782af     OpenH264.obj
 0005:000002b0       __DB057BA3_winuser@h       00000001800782b0     OpenH264.obj
 0005:000002b1       __A118E6DC_stralign@h      00000001800782b1     OpenH264.obj
 0005:000002b2       __11720FE6_OpenH264@pch    00000001800782b2     stdafx.obj
 0005:000002b3       __B2D2BA86_ctype@h         00000001800782b3     stdafx.obj
 0005:000002b4       __79C7FC57_basetsd@h       00000001800782b4     stdafx.obj
 0005:000002b5       __1FEB9909_corecrt_memcpy_s@h 00000001800782b5     stdafx.obj
 0005:000002b6       __A751F051_corecrt_memory@h 00000001800782b6     stdafx.obj
 0005:000002b7       __9200769A_corecrt_wstring@h 00000001800782b7     stdafx.obj
 0005:000002b8       __32E5F013_string@h        00000001800782b8     stdafx.obj
 0005:000002b9       __D545DD43_guiddef@h       00000001800782b9     stdafx.obj
 0005:000002ba       __D5DDFBF3_winnt@h         00000001800782ba     stdafx.obj
 0005:000002bb       __439612F0_processthreadsapi@h 00000001800782bb     stdafx.obj
 0005:000002bc       __5733279A_memoryapi@h     00000001800782bc     stdafx.obj
 0005:000002bd       __D4435474_winerror@h      00000001800782bd     stdafx.obj
 0005:000002be       __B3ED30D4_winbase@h       00000001800782be     stdafx.obj
 0005:000002bf       __DB057BA3_winuser@h       00000001800782bf     stdafx.obj
 0005:000002c0       __A118E6DC_stralign@h      00000001800782c0     stdafx.obj
 0006:00000060       $R000000                   0000000180079060     * linker generated manifest res *
